// Jest Snapshot v1, https://goo.gl/fbAQLP

exports[`birth date input validation accepts a well formed date 1`] = `
<DocumentFragment>
  <form
    class="mw7 center"
    novalidate=""
  >
    <div
      class="flex"
    >
      <div
        class="w-100 w-third-ns w-25-l mb3 pl2-r"
      >
        <label
          class="db mb1 fw6"
          for="today"
        >
          Expunge Date 
          <span
            class="fw4 f6"
          >
            mm/dd/yyyy
          </span>
        </label>
        <input
          aria-invalid="false"
          class="w-100 br2 b--black-20 pa3 "
          id="today"
          required=""
          type="text"
          value="1/2/2023"
        />
      </div>
    </div>
    <div
      class="flex flex-wrap items-end"
      data-testid="alias-form-0"
    >
      <div
        class="w-100 w-third-ns w-25-l mb3 "
      >
        <label
          class="db mb1 fw6"
          for="firstName"
        >
          First Name 
          <span
            class="fw4 f6"
          />
        </label>
        <input
          aria-describedby="name_msg"
          aria-invalid="true"
          class="w-100 br2 b--black-20 pa3 br-0-ns br--left-ns relative"
          id="firstName"
          required=""
          type="text"
          value="foo"
        />
      </div>
      <div
        class="w-100 w-third-ns w-25-l mb3 "
      >
        <label
          class="db mb1 fw6"
          for="middleName"
        >
          Middle Name 
          <span
            class="fw4 f6"
          >
            (Optional)
          </span>
        </label>
        <input
          aria-invalid="false"
          class="w-100 br2 b--black-20 pa3 br0-ns"
          id="middleName"
          type="text"
          value=""
        />
      </div>
      <div
        class="w-100 w-third-ns w-25-l mb3 "
      >
        <label
          class="db mb1 fw6"
          for="lastName"
        >
          Last Name 
          <span
            class="fw4 f6"
          />
        </label>
        <input
          aria-describedby="name_msg"
          aria-invalid="true"
          class="w-100 br2 b--black-20 pa3 bl-0-ns br--right-ns"
          id="lastName"
          required=""
          type="text"
          value="bar"
        />
      </div>
      <div
        class="w-100 w-third-ns w-25-l mb3 pl2-l"
      >
        <label
          class="db mb1 fw6"
          for="birthDate"
        >
          Date of Birth 
          <span
            class="fw4 f6"
          >
            mm/dd/yyyy
          </span>
        </label>
        <input
          aria-invalid="true"
          class="w-100 br2 b--black-20 pa3 "
          id="birthDate"
          type="text"
          value="10/11/2011"
        />
      </div>
      <div
        class="visually-hidden flex items-center pb1 mb3 ml3-ns ml0-l"
      >
        <span
          class=" visually-hidden fw5 bl bw2 b--blue bg-gray-blue-2 pa2 pr3 mr2 mb2"
        >
          1 Result
        </span>
        <button
          class="br2 bg-gray-blue-2 link hover-dark-blue mid-gray fw5 pa2 mb2"
          type="button"
        >
          <i
            class="fas fa-times-circle pr1"
          />
          Remove
        </button>
      </div>
    </div>
    <div
      class="flex"
    >
      <button
        class=" w4 tc br2 bg-gray-blue-2 link hover-dark-blue mid-gray w-20 tc fw5 pv3 ph3 mr2"
        type="button"
      >
        <i
          aria-hidden="true"
          class="fas fa-plus-circle pr1"
        />
        Alias
      </button>
      <button
        class=" fw7 br2 bg-blue white bg-animate hover-bg-dark-blue db w-90 tc fw5 pv3 ph3 btn--search mr2"
        type="submit"
      >
        <i
          aria-hidden="true"
          class="fas fa-search pr2"
        />
        Search
      </button>
      <button
        class="fw6 bg-animate br3 pv3 ph4 w4 tc br2 bg-gray-blue-2 hover-dark-blue mid-gray w-30 tc fw5 pv3 ph3"
        type="button"
      >
        <i
          aria-hidden="true"
          class="fas fa-arrow-up pr2"
        />
        Clear Data
      </button>
    </div>
    <div
      class="black-70 w-100"
      role="alert"
    />
  </form>
</DocumentFragment>
`;

exports[`birth date input validation accepts a well formed date in the first alias but disregards other aliases 1`] = `
<DocumentFragment>
  <form
    class="mw7 center"
    novalidate=""
  >
    <div
      class="flex"
    >
      <div
        class="w-100 w-third-ns w-25-l mb3 pl2-r"
      >
        <label
          class="db mb1 fw6"
          for="today"
        >
          Expunge Date 
          <span
            class="fw4 f6"
          >
            mm/dd/yyyy
          </span>
        </label>
        <input
          aria-invalid="false"
          class="w-100 br2 b--black-20 pa3 "
          id="today"
          required=""
          type="text"
          value="1/2/2023"
        />
      </div>
    </div>
    <div
      class="flex flex-wrap items-end"
      data-testid="alias-form-0"
    >
      <div
        class="w-100 w-third-ns w-25-l mb3 "
      >
        <label
          class="db mb1 fw6"
          for="firstName"
        >
          First Name 
          <span
            class="fw4 f6"
          />
        </label>
        <input
          aria-describedby="name_msg"
          aria-invalid="true"
          class="w-100 br2 b--black-20 pa3 br-0-ns br--left-ns relative"
          id="firstName"
          required=""
          type="text"
          value="foo"
        />
      </div>
      <div
        class="w-100 w-third-ns w-25-l mb3 "
      >
        <label
          class="db mb1 fw6"
          for="middleName"
        >
          Middle Name 
          <span
            class="fw4 f6"
          >
            (Optional)
          </span>
        </label>
        <input
          aria-invalid="false"
          class="w-100 br2 b--black-20 pa3 br0-ns"
          id="middleName"
          type="text"
          value=""
        />
      </div>
      <div
        class="w-100 w-third-ns w-25-l mb3 "
      >
        <label
          class="db mb1 fw6"
          for="lastName"
        >
          Last Name 
          <span
            class="fw4 f6"
          />
        </label>
        <input
          aria-describedby="name_msg"
          aria-invalid="true"
          class="w-100 br2 b--black-20 pa3 bl-0-ns br--right-ns"
          id="lastName"
          required=""
          type="text"
          value="bar"
        />
      </div>
      <div
        class="w-100 w-third-ns w-25-l mb3 pl2-l"
      >
        <label
          class="db mb1 fw6"
          for="birthDate"
        >
          Date of Birth 
          <span
            class="fw4 f6"
          >
            mm/dd/yyyy
          </span>
        </label>
        <input
          aria-invalid="true"
          class="w-100 br2 b--black-20 pa3 "
          id="birthDate"
          type="text"
          value="10/11/2011"
        />
      </div>
      <div
        class="flex items-center pb1 mb3 ml3-ns ml0-l"
      >
        <span
          class=" visually-hidden fw5 bl bw2 b--blue bg-gray-blue-2 pa2 pr3 mr2 mb2"
        >
          1 Result
        </span>
        <button
          class="br2 bg-gray-blue-2 link hover-dark-blue mid-gray fw5 pa2 mb2"
          type="button"
        >
          <i
            class="fas fa-times-circle pr1"
          />
          Remove
        </button>
      </div>
    </div>
    <hr
      class="bb b--black-05 mt2 mt3-ns mb3 mb4-ns"
    />
    <div
      class="flex flex-wrap items-end"
      data-testid="alias-form-1"
    >
      <div
        class="w-100 w-third-ns w-25-l mb3 "
      >
        <label
          class="db mb1 fw6"
          for="firstName"
        >
          First Name 
          <span
            class="fw4 f6"
          />
        </label>
        <input
          aria-invalid="false"
          class="w-100 br2 b--black-20 pa3 br-0-ns br--left-ns relative"
          id="firstName"
          required=""
          type="text"
          value="foo"
        />
      </div>
      <div
        class="w-100 w-third-ns w-25-l mb3 "
      >
        <label
          class="db mb1 fw6"
          for="middleName"
        >
          Middle Name 
          <span
            class="fw4 f6"
          >
            (Optional)
          </span>
        </label>
        <input
          aria-invalid="false"
          class="w-100 br2 b--black-20 pa3 br0-ns"
          id="middleName"
          type="text"
          value=""
        />
      </div>
      <div
        class="w-100 w-third-ns w-25-l mb3 "
      >
        <label
          class="db mb1 fw6"
          for="lastName"
        >
          Last Name 
          <span
            class="fw4 f6"
          />
        </label>
        <input
          aria-invalid="false"
          class="w-100 br2 b--black-20 pa3 bl-0-ns br--right-ns"
          id="lastName"
          required=""
          type="text"
          value="bar"
        />
      </div>
      <div
        class="w-100 w-third-ns w-25-l mb3 pl2-l"
      >
        <label
          class="db mb1 fw6"
          for="birthDate"
        >
          Date of Birth 
          <span
            class="fw4 f6"
          >
            mm/dd/yyyy
          </span>
        </label>
        <input
          aria-invalid="true"
          class="w-100 br2 b--black-20 pa3 "
          id="birthDate"
          type="text"
          value="NOT A DATE BUT IT'S A SECOND ONE"
        />
      </div>
      <div
        class="flex items-center pb1 mb3 ml3-ns ml0-l"
      >
        <span
          class=" visually-hidden fw5 bl bw2 b--blue bg-gray-blue-2 pa2 pr3 mr2 mb2"
        >
          1 Result
        </span>
        <button
          class="br2 bg-gray-blue-2 link hover-dark-blue mid-gray fw5 pa2 mb2"
          type="button"
        >
          <i
            class="fas fa-times-circle pr1"
          />
          Remove
        </button>
      </div>
    </div>
    <div
      class="flex"
    >
      <button
        class=" w4 tc br2 bg-gray-blue-2 link hover-dark-blue mid-gray w-20 tc fw5 pv3 ph3 mr2"
        type="button"
      >
        <i
          aria-hidden="true"
          class="fas fa-plus-circle pr1"
        />
        Alias
      </button>
      <button
        class=" fw7 br2 bg-blue white bg-animate hover-bg-dark-blue db w-90 tc fw5 pv3 ph3 btn--search mr2"
        type="submit"
      >
        <i
          aria-hidden="true"
          class="fas fa-search pr2"
        />
        Search
      </button>
      <button
        class="fw6 bg-animate br3 pv3 ph4 w4 tc br2 bg-gray-blue-2 hover-dark-blue mid-gray w-30 tc fw5 pv3 ph3"
        type="button"
      >
        <i
          aria-hidden="true"
          class="fas fa-arrow-up pr2"
        />
        Clear Data
      </button>
    </div>
    <div
      class="black-70 w-100"
      role="alert"
    />
  </form>
</DocumentFragment>
`;

exports[`birth date input validation rejects a date without slashes 1`] = `
<DocumentFragment>
  <form
    class="mw7 center"
    novalidate=""
  >
    <div
      class="flex"
    >
      <div
        class="w-100 w-third-ns w-25-l mb3 pl2-r"
      >
        <label
          class="db mb1 fw6"
          for="today"
        >
          Expunge Date 
          <span
            class="fw4 f6"
          >
            mm/dd/yyyy
          </span>
        </label>
        <input
          aria-invalid="false"
          class="w-100 br2 b--black-20 pa3 "
          id="today"
          required=""
          type="text"
          value="1/2/2023"
        />
      </div>
    </div>
    <div
      class="flex flex-wrap items-end"
      data-testid="alias-form-0"
    >
      <div
        class="w-100 w-third-ns w-25-l mb3 "
      >
        <label
          class="db mb1 fw6"
          for="firstName"
        >
          First Name 
          <span
            class="fw4 f6"
          />
        </label>
        <input
          aria-describedby="name_msg"
          aria-invalid="true"
          class="w-100 br2 b--black-20 pa3 br-0-ns br--left-ns relative"
          id="firstName"
          required=""
          type="text"
          value="foo"
        />
      </div>
      <div
        class="w-100 w-third-ns w-25-l mb3 "
      >
        <label
          class="db mb1 fw6"
          for="middleName"
        >
          Middle Name 
          <span
            class="fw4 f6"
          >
            (Optional)
          </span>
        </label>
        <input
          aria-invalid="false"
          class="w-100 br2 b--black-20 pa3 br0-ns"
          id="middleName"
          type="text"
          value=""
        />
      </div>
      <div
        class="w-100 w-third-ns w-25-l mb3 "
      >
        <label
          class="db mb1 fw6"
          for="lastName"
        >
          Last Name 
          <span
            class="fw4 f6"
          />
        </label>
        <input
          aria-describedby="name_msg"
          aria-invalid="true"
          class="w-100 br2 b--black-20 pa3 bl-0-ns br--right-ns"
          id="lastName"
          required=""
          type="text"
          value="bar"
        />
      </div>
      <div
        class="w-100 w-third-ns w-25-l mb3 pl2-l"
      >
        <label
          class="db mb1 fw6"
          for="birthDate"
        >
          Date of Birth 
          <span
            class="fw4 f6"
          >
            mm/dd/yyyy
          </span>
        </label>
        <input
          aria-invalid="true"
          class="w-100 br2 b--black-20 pa3 "
          id="birthDate"
          type="text"
          value="10111999"
        />
      </div>
      <div
        class="visually-hidden flex items-center pb1 mb3 ml3-ns ml0-l"
      >
        <span
          class=" visually-hidden fw5 bl bw2 b--blue bg-gray-blue-2 pa2 pr3 mr2 mb2"
        >
          1 Result
        </span>
        <button
          class="br2 bg-gray-blue-2 link hover-dark-blue mid-gray fw5 pa2 mb2"
          type="button"
        >
          <i
            class="fas fa-times-circle pr1"
          />
          Remove
        </button>
      </div>
    </div>
    <div
      class="flex"
    >
      <button
        class=" w4 tc br2 bg-gray-blue-2 link hover-dark-blue mid-gray w-20 tc fw5 pv3 ph3 mr2"
        type="button"
      >
        <i
          aria-hidden="true"
          class="fas fa-plus-circle pr1"
        />
        Alias
      </button>
      <button
        class=" fw7 br2 bg-blue white bg-animate hover-bg-dark-blue db w-90 tc fw5 pv3 ph3 btn--search mr2"
        type="submit"
      >
        <i
          aria-hidden="true"
          class="fas fa-search pr2"
        />
        Search
      </button>
      <button
        class="fw6 bg-animate br3 pv3 ph4 w4 tc br2 bg-gray-blue-2 hover-dark-blue mid-gray w-30 tc fw5 pv3 ph3"
        type="button"
      >
        <i
          aria-hidden="true"
          class="fas fa-arrow-up pr2"
        />
        Clear Data
      </button>
    </div>
    <div
      class="black-70 w-100"
      role="alert"
    >
      <p
        class="bg-washed-red mv3 pa3 br3 fw6"
      >
        The date format must be MM/DD/YYYY.
      </p>
    </div>
  </form>
</DocumentFragment>
`;

exports[`birth date input validation rejects words 1`] = `
<DocumentFragment>
  <form
    class="mw7 center"
    novalidate=""
  >
    <div
      class="flex"
    >
      <div
        class="w-100 w-third-ns w-25-l mb3 pl2-r"
      >
        <label
          class="db mb1 fw6"
          for="today"
        >
          Expunge Date 
          <span
            class="fw4 f6"
          >
            mm/dd/yyyy
          </span>
        </label>
        <input
          aria-invalid="false"
          class="w-100 br2 b--black-20 pa3 "
          id="today"
          required=""
          type="text"
          value="1/2/2023"
        />
      </div>
    </div>
    <div
      class="flex flex-wrap items-end"
      data-testid="alias-form-0"
    >
      <div
        class="w-100 w-third-ns w-25-l mb3 "
      >
        <label
          class="db mb1 fw6"
          for="firstName"
        >
          First Name 
          <span
            class="fw4 f6"
          />
        </label>
        <input
          aria-describedby="name_msg"
          aria-invalid="true"
          class="w-100 br2 b--black-20 pa3 br-0-ns br--left-ns relative"
          id="firstName"
          required=""
          type="text"
          value="foo"
        />
      </div>
      <div
        class="w-100 w-third-ns w-25-l mb3 "
      >
        <label
          class="db mb1 fw6"
          for="middleName"
        >
          Middle Name 
          <span
            class="fw4 f6"
          >
            (Optional)
          </span>
        </label>
        <input
          aria-invalid="false"
          class="w-100 br2 b--black-20 pa3 br0-ns"
          id="middleName"
          type="text"
          value=""
        />
      </div>
      <div
        class="w-100 w-third-ns w-25-l mb3 "
      >
        <label
          class="db mb1 fw6"
          for="lastName"
        >
          Last Name 
          <span
            class="fw4 f6"
          />
        </label>
        <input
          aria-describedby="name_msg"
          aria-invalid="true"
          class="w-100 br2 b--black-20 pa3 bl-0-ns br--right-ns"
          id="lastName"
          required=""
          type="text"
          value="bar"
        />
      </div>
      <div
        class="w-100 w-third-ns w-25-l mb3 pl2-l"
      >
        <label
          class="db mb1 fw6"
          for="birthDate"
        >
          Date of Birth 
          <span
            class="fw4 f6"
          >
            mm/dd/yyyy
          </span>
        </label>
        <input
          aria-invalid="true"
          class="w-100 br2 b--black-20 pa3 "
          id="birthDate"
          type="text"
          value="NOT A DATE"
        />
      </div>
      <div
        class="visually-hidden flex items-center pb1 mb3 ml3-ns ml0-l"
      >
        <span
          class=" visually-hidden fw5 bl bw2 b--blue bg-gray-blue-2 pa2 pr3 mr2 mb2"
        >
          1 Result
        </span>
        <button
          class="br2 bg-gray-blue-2 link hover-dark-blue mid-gray fw5 pa2 mb2"
          type="button"
        >
          <i
            class="fas fa-times-circle pr1"
          />
          Remove
        </button>
      </div>
    </div>
    <div
      class="flex"
    >
      <button
        class=" w4 tc br2 bg-gray-blue-2 link hover-dark-blue mid-gray w-20 tc fw5 pv3 ph3 mr2"
        type="button"
      >
        <i
          aria-hidden="true"
          class="fas fa-plus-circle pr1"
        />
        Alias
      </button>
      <button
        class=" fw7 br2 bg-blue white bg-animate hover-bg-dark-blue db w-90 tc fw5 pv3 ph3 btn--search mr2"
        type="submit"
      >
        <i
          aria-hidden="true"
          class="fas fa-search pr2"
        />
        Search
      </button>
      <button
        class="fw6 bg-animate br3 pv3 ph4 w4 tc br2 bg-gray-blue-2 hover-dark-blue mid-gray w-30 tc fw5 pv3 ph3"
        type="button"
      >
        <i
          aria-hidden="true"
          class="fas fa-arrow-up pr2"
        />
        Clear Data
      </button>
    </div>
    <div
      class="black-70 w-100"
      role="alert"
    >
      <p
        class="bg-washed-red mv3 pa3 br3 fw6"
      >
        The date format must be MM/DD/YYYY.
      </p>
    </div>
  </form>
</DocumentFragment>
`;

exports[`name input validation requires a first name and last name 1`] = `
<DocumentFragment>
  <form
    class="mw7 center"
    novalidate=""
  >
    <div
      class="flex"
    >
      <div
        class="w-100 w-third-ns w-25-l mb3 pl2-r"
      >
        <label
          class="db mb1 fw6"
          for="today"
        >
          Expunge Date 
          <span
            class="fw4 f6"
          >
            mm/dd/yyyy
          </span>
        </label>
        <input
          aria-invalid="false"
          class="w-100 br2 b--black-20 pa3 "
          id="today"
          required=""
          type="text"
          value="1/2/2023"
        />
      </div>
    </div>
    <div
      class="flex flex-wrap items-end"
      data-testid="alias-form-0"
    >
      <div
        class="w-100 w-third-ns w-25-l mb3 "
      >
        <label
          class="db mb1 fw6"
          for="firstName"
        >
          First Name 
          <span
            class="fw4 f6"
          />
        </label>
        <input
          aria-invalid="false"
          class="w-100 br2 b--black-20 pa3 br-0-ns br--left-ns relative"
          id="firstName"
          required=""
          type="text"
          value=""
        />
      </div>
      <div
        class="w-100 w-third-ns w-25-l mb3 "
      >
        <label
          class="db mb1 fw6"
          for="middleName"
        >
          Middle Name 
          <span
            class="fw4 f6"
          >
            (Optional)
          </span>
        </label>
        <input
          aria-invalid="false"
          class="w-100 br2 b--black-20 pa3 br0-ns"
          id="middleName"
          type="text"
          value=""
        />
      </div>
      <div
        class="w-100 w-third-ns w-25-l mb3 "
      >
        <label
          class="db mb1 fw6"
          for="lastName"
        >
          Last Name 
          <span
            class="fw4 f6"
          />
        </label>
        <input
          aria-invalid="false"
          class="w-100 br2 b--black-20 pa3 bl-0-ns br--right-ns"
          id="lastName"
          required=""
          type="text"
          value=""
        />
      </div>
      <div
        class="w-100 w-third-ns w-25-l mb3 pl2-l"
      >
        <label
          class="db mb1 fw6"
          for="birthDate"
        >
          Date of Birth 
          <span
            class="fw4 f6"
          >
            mm/dd/yyyy
          </span>
        </label>
        <input
          aria-invalid="false"
          class="w-100 br2 b--black-20 pa3 "
          id="birthDate"
          type="text"
          value=""
        />
      </div>
      <div
        class="visually-hidden flex items-center pb1 mb3 ml3-ns ml0-l"
      >
        <span
          class=" visually-hidden fw5 bl bw2 b--blue bg-gray-blue-2 pa2 pr3 mr2 mb2"
        >
          1 Result
        </span>
        <button
          class="br2 bg-gray-blue-2 link hover-dark-blue mid-gray fw5 pa2 mb2"
          type="button"
        >
          <i
            class="fas fa-times-circle pr1"
          />
          Remove
        </button>
      </div>
    </div>
    <div
      class="flex"
    >
      <button
        class=" w4 tc br2 bg-gray-blue-2 link hover-dark-blue mid-gray w-20 tc fw5 pv3 ph3 mr2"
        type="button"
      >
        <i
          aria-hidden="true"
          class="fas fa-plus-circle pr1"
        />
        Alias
      </button>
      <button
        class=" fw7 br2 bg-blue white bg-animate hover-bg-dark-blue db w-90 tc fw5 pv3 ph3 btn--search mr2"
        type="submit"
      >
        <i
          aria-hidden="true"
          class="fas fa-search pr2"
        />
        Search
      </button>
      <button
        class="fw6 bg-animate br3 pv3 ph4 w4 tc br2 bg-gray-blue-2 hover-dark-blue mid-gray w-30 tc fw5 pv3 ph3"
        type="button"
      >
        <i
          aria-hidden="true"
          class="fas fa-arrow-up pr2"
        />
        Clear Data
      </button>
    </div>
    <div
      class="black-70 w-100"
      role="alert"
    >
      <p
        class="bg-washed-red mv3 pa3 br3 fw6"
      >
        First name is required.
      </p>
      <p
        class="bg-washed-red mv3 pa3 br3 fw6"
      >
        Last name is required.
      </p>
    </div>
  </form>
</DocumentFragment>
`;

exports[`name input validation requires a last name if the first is provided 1`] = `
<DocumentFragment>
  <form
    class="mw7 center"
    novalidate=""
  >
    <div
      class="flex"
    >
      <div
        class="w-100 w-third-ns w-25-l mb3 pl2-r"
      >
        <label
          class="db mb1 fw6"
          for="today"
        >
          Expunge Date 
          <span
            class="fw4 f6"
          >
            mm/dd/yyyy
          </span>
        </label>
        <input
          aria-invalid="false"
          class="w-100 br2 b--black-20 pa3 "
          id="today"
          required=""
          type="text"
          value="1/2/2023"
        />
      </div>
    </div>
    <div
      class="flex flex-wrap items-end"
      data-testid="alias-form-0"
    >
      <div
        class="w-100 w-third-ns w-25-l mb3 "
      >
        <label
          class="db mb1 fw6"
          for="firstName"
        >
          First Name 
          <span
            class="fw4 f6"
          />
        </label>
        <input
          aria-describedby="name_msg"
          aria-invalid="true"
          class="w-100 br2 b--black-20 pa3 br-0-ns br--left-ns relative"
          id="firstName"
          required=""
          type="text"
          value="foo"
        />
      </div>
      <div
        class="w-100 w-third-ns w-25-l mb3 "
      >
        <label
          class="db mb1 fw6"
          for="middleName"
        >
          Middle Name 
          <span
            class="fw4 f6"
          >
            (Optional)
          </span>
        </label>
        <input
          aria-invalid="false"
          class="w-100 br2 b--black-20 pa3 br0-ns"
          id="middleName"
          type="text"
          value=""
        />
      </div>
      <div
        class="w-100 w-third-ns w-25-l mb3 "
      >
        <label
          class="db mb1 fw6"
          for="lastName"
        >
          Last Name 
          <span
            class="fw4 f6"
          />
        </label>
        <input
          aria-invalid="false"
          class="w-100 br2 b--black-20 pa3 bl-0-ns br--right-ns"
          id="lastName"
          required=""
          type="text"
          value=""
        />
      </div>
      <div
        class="w-100 w-third-ns w-25-l mb3 pl2-l"
      >
        <label
          class="db mb1 fw6"
          for="birthDate"
        >
          Date of Birth 
          <span
            class="fw4 f6"
          >
            mm/dd/yyyy
          </span>
        </label>
        <input
          aria-invalid="false"
          class="w-100 br2 b--black-20 pa3 "
          id="birthDate"
          type="text"
          value=""
        />
      </div>
      <div
        class="visually-hidden flex items-center pb1 mb3 ml3-ns ml0-l"
      >
        <span
          class=" visually-hidden fw5 bl bw2 b--blue bg-gray-blue-2 pa2 pr3 mr2 mb2"
        >
          1 Result
        </span>
        <button
          class="br2 bg-gray-blue-2 link hover-dark-blue mid-gray fw5 pa2 mb2"
          type="button"
        >
          <i
            class="fas fa-times-circle pr1"
          />
          Remove
        </button>
      </div>
    </div>
    <div
      class="flex"
    >
      <button
        class=" w4 tc br2 bg-gray-blue-2 link hover-dark-blue mid-gray w-20 tc fw5 pv3 ph3 mr2"
        type="button"
      >
        <i
          aria-hidden="true"
          class="fas fa-plus-circle pr1"
        />
        Alias
      </button>
      <button
        class=" fw7 br2 bg-blue white bg-animate hover-bg-dark-blue db w-90 tc fw5 pv3 ph3 btn--search mr2"
        type="submit"
      >
        <i
          aria-hidden="true"
          class="fas fa-search pr2"
        />
        Search
      </button>
      <button
        class="fw6 bg-animate br3 pv3 ph4 w4 tc br2 bg-gray-blue-2 hover-dark-blue mid-gray w-30 tc fw5 pv3 ph3"
        type="button"
      >
        <i
          aria-hidden="true"
          class="fas fa-arrow-up pr2"
        />
        Clear Data
      </button>
    </div>
    <div
      class="black-70 w-100"
      role="alert"
    >
      <p
        class="bg-washed-red mv3 pa3 br3 fw6"
      >
        Last name is required.
      </p>
    </div>
  </form>
</DocumentFragment>
`;

exports[`name input validation submits the request if first and last names are provided 1`] = `
<DocumentFragment>
  <form
    class="mw7 center"
    novalidate=""
  >
    <div
      class="flex"
    >
      <div
        class="w-100 w-third-ns w-25-l mb3 pl2-r"
      >
        <label
          class="db mb1 fw6"
          for="today"
        >
          Expunge Date 
          <span
            class="fw4 f6"
          >
            mm/dd/yyyy
          </span>
        </label>
        <input
          aria-invalid="false"
          class="w-100 br2 b--black-20 pa3 "
          id="today"
          required=""
          type="text"
          value="1/2/2023"
        />
      </div>
    </div>
    <div
      class="flex flex-wrap items-end"
      data-testid="alias-form-0"
    >
      <div
        class="w-100 w-third-ns w-25-l mb3 "
      >
        <label
          class="db mb1 fw6"
          for="firstName"
        >
          First Name 
          <span
            class="fw4 f6"
          />
        </label>
        <input
          aria-describedby="name_msg"
          aria-invalid="true"
          class="w-100 br2 b--black-20 pa3 br-0-ns br--left-ns relative"
          id="firstName"
          required=""
          type="text"
          value="foo"
        />
      </div>
      <div
        class="w-100 w-third-ns w-25-l mb3 "
      >
        <label
          class="db mb1 fw6"
          for="middleName"
        >
          Middle Name 
          <span
            class="fw4 f6"
          >
            (Optional)
          </span>
        </label>
        <input
          aria-invalid="false"
          class="w-100 br2 b--black-20 pa3 br0-ns"
          id="middleName"
          type="text"
          value=""
        />
      </div>
      <div
        class="w-100 w-third-ns w-25-l mb3 "
      >
        <label
          class="db mb1 fw6"
          for="lastName"
        >
          Last Name 
          <span
            class="fw4 f6"
          />
        </label>
        <input
          aria-describedby="name_msg"
          aria-invalid="true"
          class="w-100 br2 b--black-20 pa3 bl-0-ns br--right-ns"
          id="lastName"
          required=""
          type="text"
          value="bar"
        />
      </div>
      <div
        class="w-100 w-third-ns w-25-l mb3 pl2-l"
      >
        <label
          class="db mb1 fw6"
          for="birthDate"
        >
          Date of Birth 
          <span
            class="fw4 f6"
          >
            mm/dd/yyyy
          </span>
        </label>
        <input
          aria-invalid="false"
          class="w-100 br2 b--black-20 pa3 "
          id="birthDate"
          type="text"
          value=""
        />
      </div>
      <div
        class="visually-hidden flex items-center pb1 mb3 ml3-ns ml0-l"
      >
        <span
          class=" visually-hidden fw5 bl bw2 b--blue bg-gray-blue-2 pa2 pr3 mr2 mb2"
        >
          1 Result
        </span>
        <button
          class="br2 bg-gray-blue-2 link hover-dark-blue mid-gray fw5 pa2 mb2"
          type="button"
        >
          <i
            class="fas fa-times-circle pr1"
          />
          Remove
        </button>
      </div>
    </div>
    <div
      class="flex"
    >
      <button
        class=" w4 tc br2 bg-gray-blue-2 link hover-dark-blue mid-gray w-20 tc fw5 pv3 ph3 mr2"
        type="button"
      >
        <i
          aria-hidden="true"
          class="fas fa-plus-circle pr1"
        />
        Alias
      </button>
      <button
        class=" fw7 br2 bg-blue white bg-animate hover-bg-dark-blue db w-90 tc fw5 pv3 ph3 btn--search mr2"
        type="submit"
      >
        <i
          aria-hidden="true"
          class="fas fa-search pr2"
        />
        Search
      </button>
      <button
        class="fw6 bg-animate br3 pv3 ph4 w4 tc br2 bg-gray-blue-2 hover-dark-blue mid-gray w-30 tc fw5 pv3 ph3"
        type="button"
      >
        <i
          aria-hidden="true"
          class="fas fa-arrow-up pr2"
        />
        Clear Data
      </button>
    </div>
    <div
      class="black-70 w-100"
      role="alert"
    />
  </form>
</DocumentFragment>
`;

exports[`wildcard input validation for first name accepts a sigle wildcard character as second and last character 1`] = `
<DocumentFragment>
  <form
    class="mw7 center"
    novalidate=""
  >
    <div
      class="flex"
    >
      <div
        class="w-100 w-third-ns w-25-l mb3 pl2-r"
      >
        <label
          class="db mb1 fw6"
          for="today"
        >
          Expunge Date 
          <span
            class="fw4 f6"
          >
            mm/dd/yyyy
          </span>
        </label>
        <input
          aria-invalid="false"
          class="w-100 br2 b--black-20 pa3 "
          id="today"
          required=""
          type="text"
          value="1/2/2023"
        />
      </div>
    </div>
    <div
      class="flex flex-wrap items-end"
      data-testid="alias-form-0"
    >
      <div
        class="w-100 w-third-ns w-25-l mb3 "
      >
        <label
          class="db mb1 fw6"
          for="firstName"
        >
          First Name 
          <span
            class="fw4 f6"
          />
        </label>
        <input
          aria-describedby="name_msg"
          aria-invalid="true"
          class="w-100 br2 b--black-20 pa3 br-0-ns br--left-ns relative"
          id="firstName"
          required=""
          type="text"
          value="f*"
        />
      </div>
      <div
        class="w-100 w-third-ns w-25-l mb3 "
      >
        <label
          class="db mb1 fw6"
          for="middleName"
        >
          Middle Name 
          <span
            class="fw4 f6"
          >
            (Optional)
          </span>
        </label>
        <input
          aria-invalid="false"
          class="w-100 br2 b--black-20 pa3 br0-ns"
          id="middleName"
          type="text"
          value=""
        />
      </div>
      <div
        class="w-100 w-third-ns w-25-l mb3 "
      >
        <label
          class="db mb1 fw6"
          for="lastName"
        >
          Last Name 
          <span
            class="fw4 f6"
          />
        </label>
        <input
          aria-describedby="name_msg"
          aria-invalid="true"
          class="w-100 br2 b--black-20 pa3 bl-0-ns br--right-ns"
          id="lastName"
          required=""
          type="text"
          value="bar"
        />
      </div>
      <div
        class="w-100 w-third-ns w-25-l mb3 pl2-l"
      >
        <label
          class="db mb1 fw6"
          for="birthDate"
        >
          Date of Birth 
          <span
            class="fw4 f6"
          >
            mm/dd/yyyy
          </span>
        </label>
        <input
          aria-invalid="false"
          class="w-100 br2 b--black-20 pa3 "
          id="birthDate"
          type="text"
          value=""
        />
      </div>
      <div
        class="visually-hidden flex items-center pb1 mb3 ml3-ns ml0-l"
      >
        <span
          class=" visually-hidden fw5 bl bw2 b--blue bg-gray-blue-2 pa2 pr3 mr2 mb2"
        >
          1 Result
        </span>
        <button
          class="br2 bg-gray-blue-2 link hover-dark-blue mid-gray fw5 pa2 mb2"
          type="button"
        >
          <i
            class="fas fa-times-circle pr1"
          />
          Remove
        </button>
      </div>
    </div>
    <div
      class="flex"
    >
      <button
        class=" w4 tc br2 bg-gray-blue-2 link hover-dark-blue mid-gray w-20 tc fw5 pv3 ph3 mr2"
        type="button"
      >
        <i
          aria-hidden="true"
          class="fas fa-plus-circle pr1"
        />
        Alias
      </button>
      <button
        class=" fw7 br2 bg-blue white bg-animate hover-bg-dark-blue db w-90 tc fw5 pv3 ph3 btn--search mr2"
        type="submit"
      >
        <i
          aria-hidden="true"
          class="fas fa-search pr2"
        />
        Search
      </button>
      <button
        class="fw6 bg-animate br3 pv3 ph4 w4 tc br2 bg-gray-blue-2 hover-dark-blue mid-gray w-30 tc fw5 pv3 ph3"
        type="button"
      >
        <i
          aria-hidden="true"
          class="fas fa-arrow-up pr2"
        />
        Clear Data
      </button>
    </div>
    <div
      class="black-70 w-100"
      role="alert"
    />
  </form>
</DocumentFragment>
`;

exports[`wildcard input validation for first name rejects a sigle wildcard character 1`] = `
<DocumentFragment>
  <form
    class="mw7 center"
    novalidate=""
  >
    <div
      class="flex"
    >
      <div
        class="w-100 w-third-ns w-25-l mb3 pl2-r"
      >
        <label
          class="db mb1 fw6"
          for="today"
        >
          Expunge Date 
          <span
            class="fw4 f6"
          >
            mm/dd/yyyy
          </span>
        </label>
        <input
          aria-invalid="false"
          class="w-100 br2 b--black-20 pa3 "
          id="today"
          required=""
          type="text"
          value="1/2/2023"
        />
      </div>
    </div>
    <div
      class="flex flex-wrap items-end"
      data-testid="alias-form-0"
    >
      <div
        class="w-100 w-third-ns w-25-l mb3 "
      >
        <label
          class="db mb1 fw6"
          for="firstName"
        >
          First Name 
          <span
            class="fw4 f6"
          />
        </label>
        <input
          aria-describedby="name_msg"
          aria-invalid="true"
          class="w-100 br2 b--black-20 pa3 br-0-ns br--left-ns relative"
          id="firstName"
          required=""
          type="text"
          value="*"
        />
      </div>
      <div
        class="w-100 w-third-ns w-25-l mb3 "
      >
        <label
          class="db mb1 fw6"
          for="middleName"
        >
          Middle Name 
          <span
            class="fw4 f6"
          >
            (Optional)
          </span>
        </label>
        <input
          aria-invalid="false"
          class="w-100 br2 b--black-20 pa3 br0-ns"
          id="middleName"
          type="text"
          value=""
        />
      </div>
      <div
        class="w-100 w-third-ns w-25-l mb3 "
      >
        <label
          class="db mb1 fw6"
          for="lastName"
        >
          Last Name 
          <span
            class="fw4 f6"
          />
        </label>
        <input
          aria-describedby="name_msg"
          aria-invalid="true"
          class="w-100 br2 b--black-20 pa3 bl-0-ns br--right-ns"
          id="lastName"
          required=""
          type="text"
          value="bar"
        />
      </div>
      <div
        class="w-100 w-third-ns w-25-l mb3 pl2-l"
      >
        <label
          class="db mb1 fw6"
          for="birthDate"
        >
          Date of Birth 
          <span
            class="fw4 f6"
          >
            mm/dd/yyyy
          </span>
        </label>
        <input
          aria-invalid="false"
          class="w-100 br2 b--black-20 pa3 "
          id="birthDate"
          type="text"
          value=""
        />
      </div>
      <div
        class="visually-hidden flex items-center pb1 mb3 ml3-ns ml0-l"
      >
        <span
          class=" visually-hidden fw5 bl bw2 b--blue bg-gray-blue-2 pa2 pr3 mr2 mb2"
        >
          1 Result
        </span>
        <button
          class="br2 bg-gray-blue-2 link hover-dark-blue mid-gray fw5 pa2 mb2"
          type="button"
        >
          <i
            class="fas fa-times-circle pr1"
          />
          Remove
        </button>
      </div>
    </div>
    <div
      class="flex"
    >
      <button
        class=" w4 tc br2 bg-gray-blue-2 link hover-dark-blue mid-gray w-20 tc fw5 pv3 ph3 mr2"
        type="button"
      >
        <i
          aria-hidden="true"
          class="fas fa-plus-circle pr1"
        />
        Alias
      </button>
      <button
        class=" fw7 br2 bg-blue white bg-animate hover-bg-dark-blue db w-90 tc fw5 pv3 ph3 btn--search mr2"
        type="submit"
      >
        <i
          aria-hidden="true"
          class="fas fa-search pr2"
        />
        Search
      </button>
      <button
        class="fw6 bg-animate br3 pv3 ph4 w4 tc br2 bg-gray-blue-2 hover-dark-blue mid-gray w-30 tc fw5 pv3 ph3"
        type="button"
      >
        <i
          aria-hidden="true"
          class="fas fa-arrow-up pr2"
        />
        Clear Data
      </button>
    </div>
    <div
      class="black-70 w-100"
      role="alert"
    >
      <p
        class="bg-washed-red mv3 pa3 br3 fw6"
      >
        A wildcard in First Name field must be at the end and follow at least one letter.
      </p>
    </div>
  </form>
</DocumentFragment>
`;

exports[`wildcard input validation for first name rejects a sigle wildcard character with following characters 1`] = `
<DocumentFragment>
  <form
    class="mw7 center"
    novalidate=""
  >
    <div
      class="flex"
    >
      <div
        class="w-100 w-third-ns w-25-l mb3 pl2-r"
      >
        <label
          class="db mb1 fw6"
          for="today"
        >
          Expunge Date 
          <span
            class="fw4 f6"
          >
            mm/dd/yyyy
          </span>
        </label>
        <input
          aria-invalid="false"
          class="w-100 br2 b--black-20 pa3 "
          id="today"
          required=""
          type="text"
          value="1/2/2023"
        />
      </div>
    </div>
    <div
      class="flex flex-wrap items-end"
      data-testid="alias-form-0"
    >
      <div
        class="w-100 w-third-ns w-25-l mb3 "
      >
        <label
          class="db mb1 fw6"
          for="firstName"
        >
          First Name 
          <span
            class="fw4 f6"
          />
        </label>
        <input
          aria-describedby="name_msg"
          aria-invalid="true"
          class="w-100 br2 b--black-20 pa3 br-0-ns br--left-ns relative"
          id="firstName"
          required=""
          type="text"
          value="*foo"
        />
      </div>
      <div
        class="w-100 w-third-ns w-25-l mb3 "
      >
        <label
          class="db mb1 fw6"
          for="middleName"
        >
          Middle Name 
          <span
            class="fw4 f6"
          >
            (Optional)
          </span>
        </label>
        <input
          aria-invalid="false"
          class="w-100 br2 b--black-20 pa3 br0-ns"
          id="middleName"
          type="text"
          value=""
        />
      </div>
      <div
        class="w-100 w-third-ns w-25-l mb3 "
      >
        <label
          class="db mb1 fw6"
          for="lastName"
        >
          Last Name 
          <span
            class="fw4 f6"
          />
        </label>
        <input
          aria-describedby="name_msg"
          aria-invalid="true"
          class="w-100 br2 b--black-20 pa3 bl-0-ns br--right-ns"
          id="lastName"
          required=""
          type="text"
          value="bar"
        />
      </div>
      <div
        class="w-100 w-third-ns w-25-l mb3 pl2-l"
      >
        <label
          class="db mb1 fw6"
          for="birthDate"
        >
          Date of Birth 
          <span
            class="fw4 f6"
          >
            mm/dd/yyyy
          </span>
        </label>
        <input
          aria-invalid="false"
          class="w-100 br2 b--black-20 pa3 "
          id="birthDate"
          type="text"
          value=""
        />
      </div>
      <div
        class="visually-hidden flex items-center pb1 mb3 ml3-ns ml0-l"
      >
        <span
          class=" visually-hidden fw5 bl bw2 b--blue bg-gray-blue-2 pa2 pr3 mr2 mb2"
        >
          1 Result
        </span>
        <button
          class="br2 bg-gray-blue-2 link hover-dark-blue mid-gray fw5 pa2 mb2"
          type="button"
        >
          <i
            class="fas fa-times-circle pr1"
          />
          Remove
        </button>
      </div>
    </div>
    <div
      class="flex"
    >
      <button
        class=" w4 tc br2 bg-gray-blue-2 link hover-dark-blue mid-gray w-20 tc fw5 pv3 ph3 mr2"
        type="button"
      >
        <i
          aria-hidden="true"
          class="fas fa-plus-circle pr1"
        />
        Alias
      </button>
      <button
        class=" fw7 br2 bg-blue white bg-animate hover-bg-dark-blue db w-90 tc fw5 pv3 ph3 btn--search mr2"
        type="submit"
      >
        <i
          aria-hidden="true"
          class="fas fa-search pr2"
        />
        Search
      </button>
      <button
        class="fw6 bg-animate br3 pv3 ph4 w4 tc br2 bg-gray-blue-2 hover-dark-blue mid-gray w-30 tc fw5 pv3 ph3"
        type="button"
      >
        <i
          aria-hidden="true"
          class="fas fa-arrow-up pr2"
        />
        Clear Data
      </button>
    </div>
    <div
      class="black-70 w-100"
      role="alert"
    >
      <p
        class="bg-washed-red mv3 pa3 br3 fw6"
      >
        A wildcard in First Name field must be at the end and follow at least one letter.
      </p>
    </div>
  </form>
</DocumentFragment>
`;

exports[`wildcard input validation for last name accepts a sigle wildcard character as third and last character 1`] = `
<DocumentFragment>
  <form
    class="mw7 center"
    novalidate=""
  >
    <div
      class="flex"
    >
      <div
        class="w-100 w-third-ns w-25-l mb3 pl2-r"
      >
        <label
          class="db mb1 fw6"
          for="today"
        >
          Expunge Date 
          <span
            class="fw4 f6"
          >
            mm/dd/yyyy
          </span>
        </label>
        <input
          aria-invalid="false"
          class="w-100 br2 b--black-20 pa3 "
          id="today"
          required=""
          type="text"
          value="1/2/2023"
        />
      </div>
    </div>
    <div
      class="flex flex-wrap items-end"
      data-testid="alias-form-0"
    >
      <div
        class="w-100 w-third-ns w-25-l mb3 "
      >
        <label
          class="db mb1 fw6"
          for="firstName"
        >
          First Name 
          <span
            class="fw4 f6"
          />
        </label>
        <input
          aria-describedby="name_msg"
          aria-invalid="true"
          class="w-100 br2 b--black-20 pa3 br-0-ns br--left-ns relative"
          id="firstName"
          required=""
          type="text"
          value="foo"
        />
      </div>
      <div
        class="w-100 w-third-ns w-25-l mb3 "
      >
        <label
          class="db mb1 fw6"
          for="middleName"
        >
          Middle Name 
          <span
            class="fw4 f6"
          >
            (Optional)
          </span>
        </label>
        <input
          aria-invalid="false"
          class="w-100 br2 b--black-20 pa3 br0-ns"
          id="middleName"
          type="text"
          value=""
        />
      </div>
      <div
        class="w-100 w-third-ns w-25-l mb3 "
      >
        <label
          class="db mb1 fw6"
          for="lastName"
        >
          Last Name 
          <span
            class="fw4 f6"
          />
        </label>
        <input
          aria-describedby="name_msg"
          aria-invalid="true"
          class="w-100 br2 b--black-20 pa3 bl-0-ns br--right-ns"
          id="lastName"
          required=""
          type="text"
          value="ba*"
        />
      </div>
      <div
        class="w-100 w-third-ns w-25-l mb3 pl2-l"
      >
        <label
          class="db mb1 fw6"
          for="birthDate"
        >
          Date of Birth 
          <span
            class="fw4 f6"
          >
            mm/dd/yyyy
          </span>
        </label>
        <input
          aria-invalid="false"
          class="w-100 br2 b--black-20 pa3 "
          id="birthDate"
          type="text"
          value=""
        />
      </div>
      <div
        class="visually-hidden flex items-center pb1 mb3 ml3-ns ml0-l"
      >
        <span
          class=" visually-hidden fw5 bl bw2 b--blue bg-gray-blue-2 pa2 pr3 mr2 mb2"
        >
          1 Result
        </span>
        <button
          class="br2 bg-gray-blue-2 link hover-dark-blue mid-gray fw5 pa2 mb2"
          type="button"
        >
          <i
            class="fas fa-times-circle pr1"
          />
          Remove
        </button>
      </div>
    </div>
    <div
      class="flex"
    >
      <button
        class=" w4 tc br2 bg-gray-blue-2 link hover-dark-blue mid-gray w-20 tc fw5 pv3 ph3 mr2"
        type="button"
      >
        <i
          aria-hidden="true"
          class="fas fa-plus-circle pr1"
        />
        Alias
      </button>
      <button
        class=" fw7 br2 bg-blue white bg-animate hover-bg-dark-blue db w-90 tc fw5 pv3 ph3 btn--search mr2"
        type="submit"
      >
        <i
          aria-hidden="true"
          class="fas fa-search pr2"
        />
        Search
      </button>
      <button
        class="fw6 bg-animate br3 pv3 ph4 w4 tc br2 bg-gray-blue-2 hover-dark-blue mid-gray w-30 tc fw5 pv3 ph3"
        type="button"
      >
        <i
          aria-hidden="true"
          class="fas fa-arrow-up pr2"
        />
        Clear Data
      </button>
    </div>
    <div
      class="black-70 w-100"
      role="alert"
    />
  </form>
</DocumentFragment>
`;

exports[`wildcard input validation for last name rejects a sigle wildcard character 1`] = `
<DocumentFragment>
  <form
    class="mw7 center"
    novalidate=""
  >
    <div
      class="flex"
    >
      <div
        class="w-100 w-third-ns w-25-l mb3 pl2-r"
      >
        <label
          class="db mb1 fw6"
          for="today"
        >
          Expunge Date 
          <span
            class="fw4 f6"
          >
            mm/dd/yyyy
          </span>
        </label>
        <input
          aria-invalid="false"
          class="w-100 br2 b--black-20 pa3 "
          id="today"
          required=""
          type="text"
          value="1/2/2023"
        />
      </div>
    </div>
    <div
      class="flex flex-wrap items-end"
      data-testid="alias-form-0"
    >
      <div
        class="w-100 w-third-ns w-25-l mb3 "
      >
        <label
          class="db mb1 fw6"
          for="firstName"
        >
          First Name 
          <span
            class="fw4 f6"
          />
        </label>
        <input
          aria-describedby="name_msg"
          aria-invalid="true"
          class="w-100 br2 b--black-20 pa3 br-0-ns br--left-ns relative"
          id="firstName"
          required=""
          type="text"
          value="foo"
        />
      </div>
      <div
        class="w-100 w-third-ns w-25-l mb3 "
      >
        <label
          class="db mb1 fw6"
          for="middleName"
        >
          Middle Name 
          <span
            class="fw4 f6"
          >
            (Optional)
          </span>
        </label>
        <input
          aria-invalid="false"
          class="w-100 br2 b--black-20 pa3 br0-ns"
          id="middleName"
          type="text"
          value=""
        />
      </div>
      <div
        class="w-100 w-third-ns w-25-l mb3 "
      >
        <label
          class="db mb1 fw6"
          for="lastName"
        >
          Last Name 
          <span
            class="fw4 f6"
          />
        </label>
        <input
          aria-describedby="name_msg"
          aria-invalid="true"
          class="w-100 br2 b--black-20 pa3 bl-0-ns br--right-ns"
          id="lastName"
          required=""
          type="text"
          value="*"
        />
      </div>
      <div
        class="w-100 w-third-ns w-25-l mb3 pl2-l"
      >
        <label
          class="db mb1 fw6"
          for="birthDate"
        >
          Date of Birth 
          <span
            class="fw4 f6"
          >
            mm/dd/yyyy
          </span>
        </label>
        <input
          aria-invalid="false"
          class="w-100 br2 b--black-20 pa3 "
          id="birthDate"
          type="text"
          value=""
        />
      </div>
      <div
        class="visually-hidden flex items-center pb1 mb3 ml3-ns ml0-l"
      >
        <span
          class=" visually-hidden fw5 bl bw2 b--blue bg-gray-blue-2 pa2 pr3 mr2 mb2"
        >
          1 Result
        </span>
        <button
          class="br2 bg-gray-blue-2 link hover-dark-blue mid-gray fw5 pa2 mb2"
          type="button"
        >
          <i
            class="fas fa-times-circle pr1"
          />
          Remove
        </button>
      </div>
    </div>
    <div
      class="flex"
    >
      <button
        class=" w4 tc br2 bg-gray-blue-2 link hover-dark-blue mid-gray w-20 tc fw5 pv3 ph3 mr2"
        type="button"
      >
        <i
          aria-hidden="true"
          class="fas fa-plus-circle pr1"
        />
        Alias
      </button>
      <button
        class=" fw7 br2 bg-blue white bg-animate hover-bg-dark-blue db w-90 tc fw5 pv3 ph3 btn--search mr2"
        type="submit"
      >
        <i
          aria-hidden="true"
          class="fas fa-search pr2"
        />
        Search
      </button>
      <button
        class="fw6 bg-animate br3 pv3 ph4 w4 tc br2 bg-gray-blue-2 hover-dark-blue mid-gray w-30 tc fw5 pv3 ph3"
        type="button"
      >
        <i
          aria-hidden="true"
          class="fas fa-arrow-up pr2"
        />
        Clear Data
      </button>
    </div>
    <div
      class="black-70 w-100"
      role="alert"
    >
      <p
        class="bg-washed-red mv3 pa3 br3 fw6"
      >
        A wildcard in the Last Name field must be at the end and follow at least two letters.
      </p>
    </div>
  </form>
</DocumentFragment>
`;

exports[`wildcard input validation for last name rejects a sigle wildcard character as second and last character 1`] = `
<DocumentFragment>
  <form
    class="mw7 center"
    novalidate=""
  >
    <div
      class="flex"
    >
      <div
        class="w-100 w-third-ns w-25-l mb3 pl2-r"
      >
        <label
          class="db mb1 fw6"
          for="today"
        >
          Expunge Date 
          <span
            class="fw4 f6"
          >
            mm/dd/yyyy
          </span>
        </label>
        <input
          aria-invalid="false"
          class="w-100 br2 b--black-20 pa3 "
          id="today"
          required=""
          type="text"
          value="1/2/2023"
        />
      </div>
    </div>
    <div
      class="flex flex-wrap items-end"
      data-testid="alias-form-0"
    >
      <div
        class="w-100 w-third-ns w-25-l mb3 "
      >
        <label
          class="db mb1 fw6"
          for="firstName"
        >
          First Name 
          <span
            class="fw4 f6"
          />
        </label>
        <input
          aria-describedby="name_msg"
          aria-invalid="true"
          class="w-100 br2 b--black-20 pa3 br-0-ns br--left-ns relative"
          id="firstName"
          required=""
          type="text"
          value="foo"
        />
      </div>
      <div
        class="w-100 w-third-ns w-25-l mb3 "
      >
        <label
          class="db mb1 fw6"
          for="middleName"
        >
          Middle Name 
          <span
            class="fw4 f6"
          >
            (Optional)
          </span>
        </label>
        <input
          aria-invalid="false"
          class="w-100 br2 b--black-20 pa3 br0-ns"
          id="middleName"
          type="text"
          value=""
        />
      </div>
      <div
        class="w-100 w-third-ns w-25-l mb3 "
      >
        <label
          class="db mb1 fw6"
          for="lastName"
        >
          Last Name 
          <span
            class="fw4 f6"
          />
        </label>
        <input
          aria-describedby="name_msg"
          aria-invalid="true"
          class="w-100 br2 b--black-20 pa3 bl-0-ns br--right-ns"
          id="lastName"
          required=""
          type="text"
          value="b*"
        />
      </div>
      <div
        class="w-100 w-third-ns w-25-l mb3 pl2-l"
      >
        <label
          class="db mb1 fw6"
          for="birthDate"
        >
          Date of Birth 
          <span
            class="fw4 f6"
          >
            mm/dd/yyyy
          </span>
        </label>
        <input
          aria-invalid="false"
          class="w-100 br2 b--black-20 pa3 "
          id="birthDate"
          type="text"
          value=""
        />
      </div>
      <div
        class="visually-hidden flex items-center pb1 mb3 ml3-ns ml0-l"
      >
        <span
          class=" visually-hidden fw5 bl bw2 b--blue bg-gray-blue-2 pa2 pr3 mr2 mb2"
        >
          1 Result
        </span>
        <button
          class="br2 bg-gray-blue-2 link hover-dark-blue mid-gray fw5 pa2 mb2"
          type="button"
        >
          <i
            class="fas fa-times-circle pr1"
          />
          Remove
        </button>
      </div>
    </div>
    <div
      class="flex"
    >
      <button
        class=" w4 tc br2 bg-gray-blue-2 link hover-dark-blue mid-gray w-20 tc fw5 pv3 ph3 mr2"
        type="button"
      >
        <i
          aria-hidden="true"
          class="fas fa-plus-circle pr1"
        />
        Alias
      </button>
      <button
        class=" fw7 br2 bg-blue white bg-animate hover-bg-dark-blue db w-90 tc fw5 pv3 ph3 btn--search mr2"
        type="submit"
      >
        <i
          aria-hidden="true"
          class="fas fa-search pr2"
        />
        Search
      </button>
      <button
        class="fw6 bg-animate br3 pv3 ph4 w4 tc br2 bg-gray-blue-2 hover-dark-blue mid-gray w-30 tc fw5 pv3 ph3"
        type="button"
      >
        <i
          aria-hidden="true"
          class="fas fa-arrow-up pr2"
        />
        Clear Data
      </button>
    </div>
    <div
      class="black-70 w-100"
      role="alert"
    >
      <p
        class="bg-washed-red mv3 pa3 br3 fw6"
      >
        A wildcard in the Last Name field must be at the end and follow at least two letters.
      </p>
    </div>
  </form>
</DocumentFragment>
`;

exports[`wildcard input validation for last name rejects a sigle wildcard character with following characters 1`] = `
<DocumentFragment>
  <form
    class="mw7 center"
    novalidate=""
  >
    <div
      class="flex"
    >
      <div
        class="w-100 w-third-ns w-25-l mb3 pl2-r"
      >
        <label
          class="db mb1 fw6"
          for="today"
        >
          Expunge Date 
          <span
            class="fw4 f6"
          >
            mm/dd/yyyy
          </span>
        </label>
        <input
          aria-invalid="false"
          class="w-100 br2 b--black-20 pa3 "
          id="today"
          required=""
          type="text"
          value="1/2/2023"
        />
      </div>
    </div>
    <div
      class="flex flex-wrap items-end"
      data-testid="alias-form-0"
    >
      <div
        class="w-100 w-third-ns w-25-l mb3 "
      >
        <label
          class="db mb1 fw6"
          for="firstName"
        >
          First Name 
          <span
            class="fw4 f6"
          />
        </label>
        <input
          aria-describedby="name_msg"
          aria-invalid="true"
          class="w-100 br2 b--black-20 pa3 br-0-ns br--left-ns relative"
          id="firstName"
          required=""
          type="text"
          value="foo"
        />
      </div>
      <div
        class="w-100 w-third-ns w-25-l mb3 "
      >
        <label
          class="db mb1 fw6"
          for="middleName"
        >
          Middle Name 
          <span
            class="fw4 f6"
          >
            (Optional)
          </span>
        </label>
        <input
          aria-invalid="false"
          class="w-100 br2 b--black-20 pa3 br0-ns"
          id="middleName"
          type="text"
          value=""
        />
      </div>
      <div
        class="w-100 w-third-ns w-25-l mb3 "
      >
        <label
          class="db mb1 fw6"
          for="lastName"
        >
          Last Name 
          <span
            class="fw4 f6"
          />
        </label>
        <input
          aria-describedby="name_msg"
          aria-invalid="true"
          class="w-100 br2 b--black-20 pa3 bl-0-ns br--right-ns"
          id="lastName"
          required=""
          type="text"
          value="*bar"
        />
      </div>
      <div
        class="w-100 w-third-ns w-25-l mb3 pl2-l"
      >
        <label
          class="db mb1 fw6"
          for="birthDate"
        >
          Date of Birth 
          <span
            class="fw4 f6"
          >
            mm/dd/yyyy
          </span>
        </label>
        <input
          aria-invalid="false"
          class="w-100 br2 b--black-20 pa3 "
          id="birthDate"
          type="text"
          value=""
        />
      </div>
      <div
        class="visually-hidden flex items-center pb1 mb3 ml3-ns ml0-l"
      >
        <span
          class=" visually-hidden fw5 bl bw2 b--blue bg-gray-blue-2 pa2 pr3 mr2 mb2"
        >
          1 Result
        </span>
        <button
          class="br2 bg-gray-blue-2 link hover-dark-blue mid-gray fw5 pa2 mb2"
          type="button"
        >
          <i
            class="fas fa-times-circle pr1"
          />
          Remove
        </button>
      </div>
    </div>
    <div
      class="flex"
    >
      <button
        class=" w4 tc br2 bg-gray-blue-2 link hover-dark-blue mid-gray w-20 tc fw5 pv3 ph3 mr2"
        type="button"
      >
        <i
          aria-hidden="true"
          class="fas fa-plus-circle pr1"
        />
        Alias
      </button>
      <button
        class=" fw7 br2 bg-blue white bg-animate hover-bg-dark-blue db w-90 tc fw5 pv3 ph3 btn--search mr2"
        type="submit"
      >
        <i
          aria-hidden="true"
          class="fas fa-search pr2"
        />
        Search
      </button>
      <button
        class="fw6 bg-animate br3 pv3 ph4 w4 tc br2 bg-gray-blue-2 hover-dark-blue mid-gray w-30 tc fw5 pv3 ph3"
        type="button"
      >
        <i
          aria-hidden="true"
          class="fas fa-arrow-up pr2"
        />
        Clear Data
      </button>
    </div>
    <div
      class="black-70 w-100"
      role="alert"
    >
      <p
        class="bg-washed-red mv3 pa3 br3 fw6"
      >
        A wildcard in the Last Name field must be at the end and follow at least two letters.
      </p>
    </div>
  </form>
</DocumentFragment>
`;
