// Jest Snapshot v1, https://goo.gl/fbAQLP

exports[`correctly renders after clicking add case button 1`] = `
<DocumentFragment>
  <div
    class="bg-gray-blue-2 shadow br3 overflow-auto mb3"
  >
    <div
      class="f6 f5-l bg-gray-blue-3 shadow br3 pa1 mb4"
      id="new-case"
    >
      <div
        class="cf relative pv2 pr5 pr6-ns"
      />
      <div
        data-reach-disclosure-panel=""
        data-state="open"
        id="case-edit-CASE-0001"
        tabindex="-1"
      >
        <form
          class="pa3"
        >
           
          <fieldset
            class="mw6 pa0"
          >
            <legend
              class="visually-hidden"
            >
              Edit Case
            </legend>
            <fieldset
              class="mb3 pa0"
            >
              <legend
                class="fw6"
              >
                Current Status
              </legend>
              <div
                class="radio"
              >
                <div
                  class="dib"
                >
                  <input
                    id="case_edit_status_open_CASE-0001"
                    name="current_status"
                    type="radio"
                    value="Open"
                  />
                  <label
                    for="case_edit_status_open_CASE-0001"
                  >
                    Open
                  </label>
                </div>
                <div
                  class="dib"
                >
                  <input
                    id="case_edit_status_closed_CASE-0001"
                    name="current_status"
                    type="radio"
                    value="Closed"
                  />
                  <label
                    for="case_edit_status_closed_CASE-0001"
                  >
                    Closed
                  </label>
                </div>
              </div>
            </fieldset>
            <div
              class="mw5 mb3"
            >
              <label
                class="db mb1 fw6"
                for="case_edit_location_CASE-0001"
              >
                County
              </label>
              <div
                class="relative mb3"
              >
                <select
                  class="w-100 pa3 br2 bw1 b--black-20 input-reset bg-white"
                  id="case_edit_location_CASE-0001"
                  name="location"
                >
                  <option
                    value=""
                  >
                    ---
                  </option>
                  <option
                    value="Baker"
                  >
                    Baker
                  </option>
                  <option
                    value="Benton"
                  >
                    Benton
                  </option>
                  <option
                    value="Clackamas"
                  >
                    Clackamas
                  </option>
                  <option
                    value="Clatsop"
                  >
                    Clatsop
                  </option>
                  <option
                    value="Columbia"
                  >
                    Columbia
                  </option>
                  <option
                    value="Coos"
                  >
                    Coos
                  </option>
                  <option
                    value="Crook"
                  >
                    Crook
                  </option>
                  <option
                    value="Curry"
                  >
                    Curry
                  </option>
                  <option
                    value="Deschutes"
                  >
                    Deschutes
                  </option>
                  <option
                    value="Douglas"
                  >
                    Douglas
                  </option>
                  <option
                    value="Gilliam"
                  >
                    Gilliam
                  </option>
                  <option
                    value="Grant"
                  >
                    Grant
                  </option>
                  <option
                    value="Harney"
                  >
                    Harney
                  </option>
                  <option
                    value="Hood River"
                  >
                    Hood River
                  </option>
                  <option
                    value="Jackson"
                  >
                    Jackson
                  </option>
                  <option
                    value="Jefferson"
                  >
                    Jefferson
                  </option>
                  <option
                    value="Josephine"
                  >
                    Josephine
                  </option>
                  <option
                    value="Klamath"
                  >
                    Klamath
                  </option>
                  <option
                    value="Lake"
                  >
                    Lake
                  </option>
                  <option
                    value="Lane"
                  >
                    Lane
                  </option>
                  <option
                    value="Lincoln"
                  >
                    Lincoln
                  </option>
                  <option
                    value="Linn"
                  >
                    Linn
                  </option>
                  <option
                    value="Malheur"
                  >
                    Malheur
                  </option>
                  <option
                    value="Marion"
                  >
                    Marion
                  </option>
                  <option
                    value="Morrow"
                  >
                    Morrow
                  </option>
                  <option
                    value="Multnomah"
                  >
                    Multnomah
                  </option>
                  <option
                    value="Polk"
                  >
                    Polk
                  </option>
                  <option
                    value="Sherman"
                  >
                    Sherman
                  </option>
                  <option
                    value="Tillamook"
                  >
                    Tillamook
                  </option>
                  <option
                    value="Umatilla"
                  >
                    Umatilla
                  </option>
                  <option
                    value="Union"
                  >
                    Union
                  </option>
                  <option
                    value="Wallowa"
                  >
                    Wallowa
                  </option>
                  <option
                    value="Wasco"
                  >
                    Wasco
                  </option>
                  <option
                    value="Washington"
                  >
                    Washington
                  </option>
                  <option
                    value="Wheeler"
                  >
                    Wheeler
                  </option>
                  <option
                    value="Yamhill"
                  >
                    Yamhill
                  </option>
                </select>
                <div
                  class="absolute pa3 right-0 top-0 bottom-0 pointer-events-none"
                >
                  <i
                    aria-hidden="true"
                    class="fas fa-angle-down"
                  />
                </div>
              </div>
            </div>
            <div
              class="mw5 mb3"
            >
              <label
                class="db fw6 mb1"
                for="case_edit_balance_CASE-0001"
              >
                Balance
              </label>
              <div
                class="relative"
              >
                <div
                  class="absolute top-0 bottom-0 pl3 flex items-center"
                >
                  <span>
                    $
                  </span>
                </div>
                <input
                  aria-invalid="false"
                  class="w-100 br2 b--black-20 pa3 pl4"
                  id="case_edit_balance_CASE-0001"
                  name="balance"
                  required=""
                  type="text"
                  value="0.00"
                />
              </div>
            </div>
            <div
              class="mw5 mb4"
            >
              <label
                class="db fw6 mb1"
                for="case_edit_birthyear_CASE-0001"
              >
                Birth Year 
                <span
                  class="normal"
                >
                  yyyy
                </span>
              </label>
              <input
                aria-invalid="false"
                class="w-100 br2 b--black-20 pa3"
                id="case_edit_birthyear_CASE-0001"
                name="birth_year"
                required=""
                type="text"
                value=""
              />
            </div>
            <div
              class="flex items-center mb3"
            >
              <button
                class="fw6 br2 bg-blue white bg-animate hover-bg-dark-blue pa3 mr4"
              >
                Create Case
              </button>
              <button
                class="fw6 blue link hover-dark-blue mr4"
              >
                Cancel
              </button>
            </div>
            <div
              class="black-70 w-100"
              role="alert"
            />
             
          </fieldset>
        </form>
      </div>
      <ul
        class="list"
      />
    </div>
  </div>
  <div
    class="tr"
  />
</DocumentFragment>
`;

exports[`correctly renders after clicking add case button 2`] = `
<DocumentFragment>
  <div
    class="tr"
  >
    <button
      class="tr mid-gray link hover-blue fw6"
    >
      <span
        aria-hidden="true"
        class="fas fa-plus-circle"
      />
      <span
        class="visually-hidden"
      >
        Add
      </span>
       Case
    </button>
    <div
      class="pb3"
    />
  </div>
</DocumentFragment>
`;
