// Jest Snapshot v1, https://goo.gl/fbAQLP

exports[`correctly renders with the complex fake record and CasesList view selected 1`] = `
<DocumentFragment>
  <div
    class="bg-white shadow br3 mb3 ph3 pb3"
  >
    <div
      class="flex flex-wrap justify-end mb1"
    >
      <div
        class="flex flex-wrap items-center mv1 mr-auto"
      >
        <h2
          class="f5 fw7 mr3"
        >
          Search Summary
        </h2>
        <fieldset
          aria-label="Summary overview sort options"
          class="flex flex-wrap radio radio-sm ml1"
          dir="ltr"
          role="radiogroup"
        >
          <p>
            <input
              aria-checked="false"
              checked=""
              id="summary-overview-sort-options-charges"
              name="summary overview sort options"
              type="radio"
              value="Charges"
            />
            <label
              for="summary-overview-sort-options-charges"
            >
              Charges
            </label>
          </p>
          <p>
            <input
              aria-checked="true"
              id="summary-overview-sort-options-cases"
              name="summary overview sort options"
              type="radio"
              value="Cases"
            />
            <label
              for="summary-overview-sort-options-cases"
            >
              Cases
            </label>
          </p>
        </fieldset>
      </div>
      <button
        class="ma2 nowrap mid-gray link hover-blue fw6 br3 pv1 ph2"
      >
        <i
          aria-hidden="true"
          class="fas fa-bolt pr2"
        />
        Generate Paperwork
      </button>
      <button
        class="ma2 nowrap mid-gray link hover-blue fw6 br3 pv1 ph2"
      >
        <i
          aria-hidden="true"
          class="fas fa-download pr2"
        />
        Summary PDF
      </button>
    </div>
    <div
      class="flex-ns flex-wrap"
    >
      <div
        class="w-100 w-two-thirds-l"
      >
        <h3
          class="bt b--light-gray pt2 mb3"
        >
          <span
            class="fw7"
          >
            Cases
          </span>
           (18)
        </h3>
        <div
          class="bt b--light-gray pt2 mb3"
        >
          <div
            class="mb3 pb1 bb b--light-gray"
          >
            <div
              class="fw6 lh-copy"
            >
              <div
                class="flex-ns flex-wrap"
              >
                <div
                  class="w-30"
                >
                  Jan 11, 2019
                </div>
                <div
                  class="w-70"
                >
                  #
                  <a
                    class="link bb hover-blue"
                    href="#99AV3457"
                  >
                    99AV3457
                  </a>
                </div>
              </div>
            </div>
            <ul
              class="list"
            >
              <li
                class="f6 pv1 flex-ns flex-wrap"
              >
                <div
                  class="w-30 pr4"
                >
                  <span
                    class="fw6 red bg-washed-red pv1 ph2 dib br3 relative outline-2-white z-1"
                  >
                    Ineligible
                  </span>
                </div>
                <div
                  class="w-70"
                >
                  <span
                    class="lh-copy"
                  >
                    Singing Under the Influence of Intoxicants
                  </span>
                   
                  <span
                    class="lh-copy"
                  >
                    (CONVICTED)
                  </span>
                   
                </div>
              </li>
              <li
                class="f6 pv1 flex-ns flex-wrap"
              >
                <div
                  class="w-30 pr4"
                >
                  <span
                    class="fw6 dark-blue bg-washed-blue pv1 ph2 dib br3 relative outline-2-white z-1"
                  >
                    Eligible Now If Balance Paid
                  </span>
                </div>
                <div
                  class="w-70"
                >
                  <span
                    class="lh-copy"
                  >
                    Reckless Diving
                  </span>
                   
                  <span
                    class="lh-copy"
                  >
                    (DISMISSED)
                  </span>
                   
                </div>
              </li>
              <li
                class="f6 pv1 flex-ns flex-wrap"
              >
                <div
                  class="w-30 pr4"
                >
                  <span
                    class="fw6 dark-blue bg-washed-blue pv1 ph2 dib br3 relative outline-2-white z-1"
                  >
                    Eligible Now If Balance Paid
                  </span>
                </div>
                <div
                  class="w-70"
                >
                  <span
                    class="lh-copy"
                  >
                    Failure to Perform Duties of Golfer-Property Damage
                  </span>
                   
                  <span
                    class="lh-copy"
                  >
                    (DISMISSED)
                  </span>
                   
                </div>
              </li>
            </ul>
            <div
              class="flex-ns flex-wrap pv2 fw6"
            >
              <div
                class="w-30"
              />
              <div
                class="w-70"
              >
                Balance: $900.10
              </div>
            </div>
          </div>
          <div
            class="mb3 pb1 bb b--light-gray"
          >
            <div
              class="fw6 lh-copy"
            >
              <div
                class="flex-ns flex-wrap"
              >
                <div
                  class="w-30"
                >
                  Jan 1, 2018
                </div>
                <div
                  class="w-70"
                >
                  #
                  <a
                    class="link bb hover-blue"
                    href="#99DF09900"
                  >
                    99DF09900
                  </a>
                </div>
              </div>
            </div>
            <ul
              class="list"
            >
              <li
                class="f6 pv1 flex-ns flex-wrap"
              >
                <div
                  class="w-30 pr4"
                >
                  <span
                    class="fw6 red bg-washed-red pv1 ph2 dib br3 relative outline-2-white z-1"
                  >
                    Ineligible
                  </span>
                </div>
                <div
                  class="w-70"
                >
                  <span
                    class="lh-copy"
                  >
                    Singing Under the Influence of Intoxicants
                  </span>
                   
                  <span
                    class="lh-copy"
                  >
                    (CONVICTED)
                  </span>
                   
                </div>
              </li>
              <li
                class="f6 pv1 flex-ns flex-wrap"
              >
                <div
                  class="w-30 pr4"
                >
                  <span
                    class="fw6 dark-blue bg-washed-blue pv1 ph2 dib br3 relative outline-2-white z-1"
                  >
                    Eligible Now If Balance Paid
                  </span>
                </div>
                <div
                  class="w-70"
                >
                  <span
                    class="lh-copy"
                  >
                    Resisting An Orange
                  </span>
                   
                  <span
                    class="lh-copy"
                  >
                    (DISMISSED)
                  </span>
                   
                </div>
              </li>
            </ul>
            <div
              class="flex-ns flex-wrap pv2 fw6"
            >
              <div
                class="w-30"
              />
              <div
                class="w-70"
              >
                Balance: $900.10
              </div>
            </div>
          </div>
          <div
            class="mb3 pb1 bb b--light-gray"
          >
            <div
              class="fw6 lh-copy"
            >
              <div
                class="flex-ns flex-wrap"
              >
                <div
                  class="w-30"
                >
                  Jan 26, 2013
                </div>
                <div
                  class="w-70"
                >
                  #
                  <a
                    class="link bb hover-blue"
                    href="#996271"
                  >
                    996271
                  </a>
                </div>
              </div>
            </div>
            <ul
              class="list"
            >
              <li
                class="f6 pv1 flex-ns flex-wrap"
              >
                <div
                  class="w-30 pr4"
                >
                  <span
                    class="fw6 purple bg-washed-purple pv1 ph2 dib br3 relative outline-2-white z-1"
                  >
                    Needs More Analysis
                  </span>
                </div>
                <div
                  class="w-70"
                >
                  <span
                    class="lh-copy"
                  >
                    Attempt to Commit a Class C/Unclassified Felony
                  </span>
                   
                  <span
                    class="lh-copy"
                  >
                    (CONVICTED)
                  </span>
                   
                </div>
              </li>
              <li
                class="f6 pv1 flex-ns flex-wrap"
              >
                <div
                  class="w-30 pr4"
                >
                  <span
                    class="fw6 purple bg-washed-purple pv1 ph2 dib br3 relative outline-2-white z-1"
                  >
                    Needs More Analysis
                  </span>
                </div>
                <div
                  class="w-70"
                >
                  <span
                    class="lh-copy"
                  >
                    Attempt to Commit a Class C/Unclassified Felony
                  </span>
                   
                  <span
                    class="lh-copy"
                  >
                    (CONVICTED)
                  </span>
                   
                </div>
              </li>
            </ul>
            <div
              class="flex-ns flex-wrap pv2 fw6"
            >
              <div
                class="w-30"
              />
              <div
                class="w-70"
              >
                Balance: $99.00
              </div>
            </div>
          </div>
          <div
            class="mb3 pb1 bb b--light-gray"
          >
            <div
              class="fw6 lh-copy"
            >
              <div
                class="flex-ns flex-wrap"
              >
                <div
                  class="w-30"
                >
                  Jan 11, 2011
                </div>
                <div
                  class="w-70"
                >
                  #
                  <a
                    class="link bb hover-blue"
                    href="#999388"
                  >
                    999388
                  </a>
                </div>
              </div>
            </div>
            <ul
              class="list"
            >
              <li
                class="f6 pv1 flex-ns flex-wrap"
              >
                <div
                  class="w-30 pr4"
                >
                  <span
                    class="fw6 dark-blue bg-washed-blue pv1 ph2 dib br3 relative outline-2-white z-1"
                  >
                    Eligible Jan 30, 2025
                  </span>
                </div>
                <div
                  class="w-70"
                >
                  <span
                    class="lh-copy"
                  >
                    Improper Use of an Emergency Kazoo System
                  </span>
                   
                  <span
                    class="lh-copy"
                  >
                    (CONVICTED)
                  </span>
                   
                </div>
              </li>
            </ul>
            <div
              class="flex-ns flex-wrap pv2 fw6"
            >
              <div
                class="w-30"
              />
              <div
                class="w-70"
              >
                Balance: $10,000.99
              </div>
            </div>
          </div>
          <div
            class="mb3 pb1 bb b--light-gray"
          >
            <div
              class="fw6 lh-copy"
            >
              <div
                class="flex-ns flex-wrap"
              >
                <div
                  class="w-30"
                >
                  Jan 1, 2001
                </div>
                <div
                  class="w-70"
                >
                  #
                  <a
                    class="link bb hover-blue"
                    href="#9910A9"
                  >
                    9910A9
                  </a>
                </div>
              </div>
            </div>
            <ul
              class="list"
            >
              <li
                class="f6 pv1 flex-ns flex-wrap"
              >
                <div
                  class="w-30 pr4"
                >
                  <span
                    class="fw6 green bg-washed-green pv1 ph2 dib br3 relative outline-2-white z-1"
                  >
                    Eligible Now
                  </span>
                </div>
                <div
                  class="w-70"
                >
                  <span
                    class="lh-copy"
                  >
                    Attempt to Commit a Class B Felony
                  </span>
                   
                  <span
                    class="lh-copy"
                  >
                    (FINDING - NOT GUILTY)
                  </span>
                   
                </div>
              </li>
              <li
                class="f6 pv1 flex-ns flex-wrap"
              >
                <div
                  class="w-30 pr4"
                >
                  <span
                    class="fw6 green bg-washed-green pv1 ph2 dib br3 relative outline-2-white z-1"
                  >
                    Eligible Now
                  </span>
                </div>
                <div
                  class="w-70"
                >
                  <span
                    class="lh-copy"
                  >
                    Attempt to Commit a Class B Felony
                  </span>
                   
                  <span
                    class="lh-copy"
                  >
                    (FINDING - NOT GUILTY)
                  </span>
                   
                </div>
              </li>
              <li
                class="f6 pv1 flex-ns flex-wrap"
              >
                <div
                  class="w-30 pr4"
                >
                  <span
                    class="fw6 dark-blue bg-washed-blue pv1 ph2 dib br3 relative outline-2-white z-1"
                  >
                    Eligible Jan 11, 2027
                  </span>
                </div>
                <div
                  class="w-70"
                >
                  <span
                    class="lh-copy"
                  >
                    Derping in the Fourth Degree
                  </span>
                   
                  <span
                    class="lh-copy"
                  >
                    (CONVICTED)
                  </span>
                   
                </div>
              </li>
              <li
                class="f6 pv1 flex-ns flex-wrap"
              >
                <div
                  class="w-30 pr4"
                >
                  <span
                    class="fw6 dark-blue bg-washed-blue pv1 ph2 dib br3 relative outline-2-white z-1"
                  >
                    Eligible Jan 30, 2025
                  </span>
                </div>
                <div
                  class="w-70"
                >
                  <span
                    class="lh-copy"
                  >
                    Frowning
                  </span>
                   
                  <span
                    class="lh-copy"
                  >
                    (CONVICTED)
                  </span>
                   
                </div>
              </li>
              <li
                class="f6 pv1 flex-ns flex-wrap"
              >
                <div
                  class="w-30 pr4"
                >
                  <span
                    class="fw6 dark-blue bg-washed-blue pv1 ph2 dib br3 relative outline-2-white z-1"
                  >
                    Eligible Jan 30, 2025
                  </span>
                </div>
                <div
                  class="w-70"
                >
                  <span
                    class="lh-copy"
                  >
                    Resisting An Orange
                  </span>
                   
                  <span
                    class="lh-copy"
                  >
                    (CONVICTED)
                  </span>
                   
                </div>
              </li>
              <li
                class="f6 pv1 flex-ns flex-wrap"
              >
                <div
                  class="w-30 pr4"
                >
                  <span
                    class="fw6 green bg-washed-green pv1 ph2 dib br3 relative outline-2-white z-1"
                  >
                    Eligible Now
                  </span>
                </div>
                <div
                  class="w-70"
                >
                  <span
                    class="lh-copy"
                  >
                    Resisting An Orange
                  </span>
                   
                  <span
                    class="lh-copy"
                  >
                    (REMOVED FROM CHARGING INSTRUMENT)
                  </span>
                   
                </div>
              </li>
            </ul>
          </div>
          <div
            class="mb3 pb1 bb b--light-gray"
          >
            <div
              class="fw6 lh-copy"
            >
              <div
                class="flex-ns flex-wrap"
              >
                <div
                  class="w-30"
                >
                  Jan 11, 2000
                </div>
                <div
                  class="w-70"
                >
                  #
                  <a
                    class="link bb hover-blue"
                    href="#9960799"
                  >
                    9960799
                  </a>
                </div>
              </div>
            </div>
            <ul
              class="list"
            >
              <li
                class="f6 pv1 flex-ns flex-wrap"
              >
                <div
                  class="w-30 pr4"
                >
                  <span
                    class="fw6 green bg-washed-green pv1 ph2 dib br3 relative outline-2-white z-1"
                  >
                    Eligible Now
                  </span>
                </div>
                <div
                  class="w-70"
                >
                  <span
                    class="lh-copy"
                  >
                    Frowning
                  </span>
                   
                  <span
                    class="lh-copy"
                  >
                    (DISMISSED)
                  </span>
                   
                </div>
              </li>
              <li
                class="f6 pv1 flex-ns flex-wrap"
              >
                <div
                  class="w-30 pr4"
                >
                  <span
                    class="fw6 green bg-washed-green pv1 ph2 dib br3 relative outline-2-white z-1"
                  >
                    Eligible Now
                  </span>
                </div>
                <div
                  class="w-70"
                >
                  <span
                    class="lh-copy"
                  >
                    Skipping Rope
                  </span>
                   
                  <span
                    class="lh-copy"
                  >
                    (DISMISSED)
                  </span>
                   
                </div>
              </li>
            </ul>
          </div>
          <div
            class="mb3 pb1 bb b--light-gray"
          >
            <div
              class="fw6 lh-copy"
            >
              <div
                class="flex-ns flex-wrap"
              >
                <div
                  class="w-30"
                >
                  Jan 1, 1998
                </div>
                <div
                  class="w-70"
                >
                  #
                  <a
                    class="link bb hover-blue"
                    href="#9950699A"
                  >
                    9950699A
                  </a>
                </div>
              </div>
            </div>
            <ul
              class="list"
            >
              <li
                class="f6 pv1 flex-ns flex-wrap"
              >
                <div
                  class="w-30 pr4"
                >
                  <span
                    class="fw6 green bg-washed-green pv1 ph2 dib br3 relative outline-2-white z-1"
                  >
                    Eligible Now
                  </span>
                </div>
                <div
                  class="w-70"
                >
                  <span
                    class="lh-copy"
                  >
                    Contempt of Court - Punitive
                  </span>
                   
                  <span
                    class="lh-copy"
                  >
                    (CONVICTED)
                  </span>
                   
                </div>
              </li>
              <li
                class="f6 pv1 flex-ns flex-wrap"
              >
                <div
                  class="w-30 pr4"
                >
                  <span
                    class="fw6 green bg-washed-green pv1 ph2 dib br3 relative outline-2-white z-1"
                  >
                    Eligible Now
                  </span>
                </div>
                <div
                  class="w-70"
                >
                  <span
                    class="lh-copy"
                  >
                    Contempt of Court - Punitive
                  </span>
                   
                  <span
                    class="lh-copy"
                  >
                    (DISMISSED)
                  </span>
                   
                </div>
              </li>
            </ul>
          </div>
          <div
            class="mb3 pb1 bb b--light-gray"
          >
            <div
              class="fw6 lh-copy"
            >
              <div
                class="flex-ns flex-wrap"
              >
                <div
                  class="w-30"
                >
                  Jan 26, 1998
                </div>
                <div
                  class="w-70"
                >
                  #
                  <a
                    class="link bb hover-blue"
                    href="#99506871AA"
                  >
                    99506871AA
                  </a>
                </div>
              </div>
            </div>
            <ul
              class="list"
            >
              <li
                class="f6 pv1 flex-ns flex-wrap"
              >
                <div
                  class="w-30 pr4"
                >
                  <span
                    class="fw6 green bg-washed-green pv1 ph2 dib br3 relative outline-2-white z-1"
                  >
                    Eligible Now
                  </span>
                </div>
                <div
                  class="w-70"
                >
                  <span
                    class="lh-copy"
                  >
                    Contempt of Court
                  </span>
                   
                  <span
                    class="lh-copy"
                  >
                    (DISMISSED)
                  </span>
                   
                </div>
              </li>
            </ul>
          </div>
          <div
            class="mb3 pb1 bb b--light-gray"
          >
            <div
              class="fw6 lh-copy"
            >
              <div
                class="flex-ns flex-wrap"
              >
                <div
                  class="w-30"
                >
                  Jan 11, 1998
                </div>
                <div
                  class="w-70"
                >
                  #
                  <a
                    class="link bb hover-blue"
                    href="#999345"
                  >
                    999345
                  </a>
                </div>
              </div>
            </div>
            <ul
              class="list"
            >
              <li
                class="f6 pv1 flex-ns flex-wrap"
              >
                <div
                  class="w-30 pr4"
                >
                  <span
                    class="fw6 dark-blue bg-washed-blue pv1 ph2 dib br3 relative outline-2-white z-1"
                  >
                    Eligible Jan 30, 2025
                  </span>
                </div>
                <div
                  class="w-70"
                >
                  <span
                    class="lh-copy"
                  >
                    Derping in the Fourth Degree
                  </span>
                   
                  <span
                    class="lh-copy"
                  >
                    (CONVICTED)
                  </span>
                   
                </div>
              </li>
              <li
                class="f6 pv1 flex-ns flex-wrap"
              >
                <div
                  class="w-30 pr4"
                >
                  <span
                    class="fw6 green bg-washed-green pv1 ph2 dib br3 relative outline-2-white z-1"
                  >
                    Eligible Now
                  </span>
                </div>
                <div
                  class="w-70"
                >
                  <span
                    class="lh-copy"
                  >
                    Frowning
                  </span>
                   
                  <span
                    class="lh-copy"
                  >
                    (DISMISSED)
                  </span>
                   
                </div>
              </li>
            </ul>
          </div>
          <div
            class="mb3 pb1 bb b--light-gray"
          >
            <div
              class="fw6 lh-copy"
            >
              <div
                class="flex-ns flex-wrap"
              >
                <div
                  class="w-30"
                >
                  Jan 29, 1996
                </div>
                <div
                  class="w-70"
                >
                  #
                  <a
                    class="link bb hover-blue"
                    href="#9999323"
                  >
                    9999323
                  </a>
                </div>
              </div>
            </div>
            <ul
              class="list"
            >
              <li
                class="f6 pv1 flex-ns flex-wrap"
              >
                <div
                  class="w-30 pr4"
                >
                  <span
                    class="fw6 green bg-washed-green pv1 ph2 dib br3 relative outline-2-white z-1"
                  >
                    Eligible Now
                  </span>
                </div>
                <div
                  class="w-70"
                >
                  <span
                    class="lh-copy"
                  >
                    Illegal stuff in the First Degree
                  </span>
                   
                  <span
                    class="lh-copy"
                  >
                    (DISMISSED)
                  </span>
                   
                </div>
              </li>
              <li
                class="f6 pv1 flex-ns flex-wrap"
              >
                <div
                  class="w-30 pr4"
                >
                  <span
                    class="fw6 green bg-washed-green pv1 ph2 dib br3 relative outline-2-white z-1"
                  >
                    Eligible Now
                  </span>
                </div>
                <div
                  class="w-70"
                >
                  <span
                    class="lh-copy"
                  >
                    Something else illegal in the First Degree
                  </span>
                   
                  <span
                    class="lh-copy"
                  >
                    (DISMISSED)
                  </span>
                   
                </div>
              </li>
              <li
                class="f6 pv1 flex-ns flex-wrap"
              >
                <div
                  class="w-30 pr4"
                >
                  <span
                    class="fw6 green bg-washed-green pv1 ph2 dib br3 relative outline-2-white z-1"
                  >
                    Eligible Now
                  </span>
                </div>
                <div
                  class="w-70"
                >
                  <span
                    class="lh-copy"
                  >
                    Something else illegal in the First Degree
                  </span>
                   
                  <span
                    class="lh-copy"
                  >
                    (DISMISSED)
                  </span>
                   
                </div>
              </li>
              <li
                class="f6 pv1 flex-ns flex-wrap"
              >
                <div
                  class="w-30 pr4"
                >
                  <span
                    class="fw6 green bg-washed-green pv1 ph2 dib br3 relative outline-2-white z-1"
                  >
                    Eligible Now
                  </span>
                </div>
                <div
                  class="w-70"
                >
                  <span
                    class="lh-copy"
                  >
                    Something illegal
                  </span>
                   
                  <span
                    class="lh-copy"
                  >
                    (DISMISSED)
                  </span>
                   
                </div>
              </li>
              <li
                class="f6 pv1 flex-ns flex-wrap"
              >
                <div
                  class="w-30 pr4"
                >
                  <span
                    class="fw6 green bg-washed-green pv1 ph2 dib br3 relative outline-2-white z-1"
                  >
                    Eligible Now
                  </span>
                </div>
                <div
                  class="w-70"
                >
                  <span
                    class="lh-copy"
                  >
                    Something illegal in the Second Degree
                  </span>
                   
                  <span
                    class="lh-copy"
                  >
                    (CONVICTED - LESSER CHARGE)
                  </span>
                   
                </div>
              </li>
              <li
                class="f6 pv1 flex-ns flex-wrap"
              >
                <div
                  class="w-30 pr4"
                >
                  <span
                    class="fw6 green bg-washed-green pv1 ph2 dib br3 relative outline-2-white z-1"
                  >
                    Eligible Now
                  </span>
                </div>
                <div
                  class="w-70"
                >
                  <span
                    class="lh-copy"
                  >
                    Something illegal in the Second Degree
                  </span>
                   
                  <span
                    class="lh-copy"
                  >
                    (DISMISSED)
                  </span>
                   
                </div>
              </li>
              <li
                class="f6 pv1 flex-ns flex-wrap"
              >
                <div
                  class="w-30 pr4"
                >
                  <span
                    class="fw6 green bg-washed-green pv1 ph2 dib br3 relative outline-2-white z-1"
                  >
                    Eligible Now
                  </span>
                </div>
                <div
                  class="w-70"
                >
                  <span
                    class="lh-copy"
                  >
                    Something illegal in the Second Degree
                  </span>
                   
                  <span
                    class="lh-copy"
                  >
                    (DISMISSED)
                  </span>
                   
                </div>
              </li>
              <li
                class="f6 pv1 flex-ns flex-wrap"
              >
                <div
                  class="w-30 pr4"
                >
                  <span
                    class="fw6 green bg-washed-green pv1 ph2 dib br3 relative outline-2-white z-1"
                  >
                    Eligible Now
                  </span>
                </div>
                <div
                  class="w-70"
                >
                  <span
                    class="lh-copy"
                  >
                    Something illegal in the Second Degree
                  </span>
                   
                  <span
                    class="lh-copy"
                  >
                    (DISMISSED)
                  </span>
                   
                </div>
              </li>
              <li
                class="f6 pv1 flex-ns flex-wrap"
              >
                <div
                  class="w-30 pr4"
                >
                  <span
                    class="fw6 purple bg-washed-purple pv1 ph2 dib br3 relative outline-2-white z-1"
                  >
                    Needs More Analysis
                  </span>
                </div>
                <div
                  class="w-70"
                >
                  <span
                    class="lh-copy"
                  >
                    Attempt to Commit a Class C/Unclassified Felony
                  </span>
                   
                  <span
                    class="lh-copy"
                  >
                    (CONVICTED)
                  </span>
                   
                </div>
              </li>
            </ul>
          </div>
          <div
            class="mb3 pb1 bb b--light-gray"
          >
            <div
              class="fw6 lh-copy"
            >
              <div
                class="flex-ns flex-wrap"
              >
                <div
                  class="w-30"
                >
                  Jan 26, 1996
                </div>
                <div
                  class="w-70"
                >
                  #
                  <a
                    class="link bb hover-blue"
                    href="#9999323D-D"
                  >
                    9999323D-D
                  </a>
                </div>
              </div>
            </div>
            <ul
              class="list"
            >
              <li
                class="f6 pv1 flex-ns flex-wrap"
              >
                <div
                  class="w-30 pr4"
                >
                  <span
                    class="fw6 green bg-washed-green pv1 ph2 dib br3 relative outline-2-white z-1"
                  >
                    Eligible Now
                  </span>
                </div>
                <div
                  class="w-70"
                >
                  <span
                    class="lh-copy"
                  >
                    Illegal stuff in the First Degree
                  </span>
                   
                  <span
                    class="lh-copy"
                  >
                    (DISMISSED)
                  </span>
                   
                </div>
              </li>
              <li
                class="f6 pv1 flex-ns flex-wrap"
              >
                <div
                  class="w-30 pr4"
                >
                  <span
                    class="fw6 green bg-washed-green pv1 ph2 dib br3 relative outline-2-white z-1"
                  >
                    Eligible Now
                  </span>
                </div>
                <div
                  class="w-70"
                >
                  <span
                    class="lh-copy"
                  >
                    Something else illegal in the First Degree
                  </span>
                   
                  <span
                    class="lh-copy"
                  >
                    (DISMISSED)
                  </span>
                   
                </div>
              </li>
              <li
                class="f6 pv1 flex-ns flex-wrap"
              >
                <div
                  class="w-30 pr4"
                >
                  <span
                    class="fw6 green bg-washed-green pv1 ph2 dib br3 relative outline-2-white z-1"
                  >
                    Eligible Now
                  </span>
                </div>
                <div
                  class="w-70"
                >
                  <span
                    class="lh-copy"
                  >
                    Something illegal
                  </span>
                   
                  <span
                    class="lh-copy"
                  >
                    (DISMISSED)
                  </span>
                   
                </div>
              </li>
              <li
                class="f6 pv1 flex-ns flex-wrap"
              >
                <div
                  class="w-30 pr4"
                >
                  <span
                    class="fw6 green bg-washed-green pv1 ph2 dib br3 relative outline-2-white z-1"
                  >
                    Eligible Now
                  </span>
                </div>
                <div
                  class="w-70"
                >
                  <span
                    class="lh-copy"
                  >
                    Something illegal in the Second Degree
                  </span>
                   
                  <span
                    class="lh-copy"
                  >
                    (DISMISSED)
                  </span>
                   
                </div>
              </li>
            </ul>
          </div>
          <div
            class="mb3 pb1 bb b--light-gray"
          >
            <div
              class="fw6 lh-copy"
            >
              <div
                class="flex-ns flex-wrap"
              >
                <div
                  class="w-30"
                >
                  Jan 8, 1996
                </div>
                <div
                  class="w-70"
                >
                  #
                  <a
                    class="link bb hover-blue"
                    href="#999933"
                  >
                    999933
                  </a>
                </div>
              </div>
            </div>
            <ul
              class="list"
            >
              <li
                class="f6 pv1 flex-ns flex-wrap"
              >
                <div
                  class="w-30 pr4"
                >
                  <span
                    class="fw6 red bg-washed-red pv1 ph2 dib br3 relative outline-2-white z-1"
                  >
                    Ineligible
                  </span>
                </div>
                <div
                  class="w-70"
                >
                  <span
                    class="lh-copy"
                  >
                    ABC/Felony
                  </span>
                   
                  <span
                    class="lh-copy"
                  >
                    (CONVICTED - MISD TREATMENT)
                  </span>
                   
                </div>
              </li>
            </ul>
          </div>
          <div
            class="mb3 pb1 bb b--light-gray"
          >
            <div
              class="fw6 lh-copy"
            >
              <div
                class="flex-ns flex-wrap"
              >
                <div
                  class="w-30"
                >
                  Jan 1, 1996
                </div>
                <div
                  class="w-70"
                >
                  #
                  <a
                    class="link bb hover-blue"
                    href="#999933D-D"
                  >
                    999933D-D
                  </a>
                </div>
              </div>
            </div>
            <ul
              class="list"
            >
              <li
                class="f6 pv1 flex-ns flex-wrap"
              >
                <div
                  class="w-30 pr4"
                >
                  <span
                    class="fw6 green bg-washed-green pv1 ph2 dib br3 relative outline-2-white z-1"
                  >
                    Eligible Now
                  </span>
                </div>
                <div
                  class="w-70"
                >
                  <span
                    class="lh-copy"
                  >
                    ABC/Felony
                  </span>
                   
                  <span
                    class="lh-copy"
                  >
                    (DISMISSED)
                  </span>
                   
                </div>
              </li>
            </ul>
          </div>
          <div
            class="mb3 pb1 bb b--light-gray"
          >
            <div
              class="fw6 lh-copy"
            >
              <div
                class="flex-ns flex-wrap"
              >
                <div
                  class="w-30"
                >
                  Jan 11, 1995
                </div>
                <div
                  class="w-70"
                >
                  #
                  <a
                    class="link bb hover-blue"
                    href="#999252-D"
                  >
                    999252-D
                  </a>
                </div>
              </div>
            </div>
            <ul
              class="list"
            >
              <li
                class="f6 pv1 flex-ns flex-wrap"
              >
                <div
                  class="w-30 pr4"
                >
                  <span
                    class="fw6 red bg-washed-red pv1 ph2 dib br3 relative outline-2-white z-1"
                  >
                    Ineligible
                  </span>
                </div>
                <div
                  class="w-70"
                >
                  <span
                    class="lh-copy"
                  >
                    SUII
                  </span>
                   
                  <span
                    class="lh-copy"
                  >
                    (CONVICTED)
                  </span>
                   
                </div>
              </li>
            </ul>
          </div>
          <div
            class="mb3 pb1 bb b--light-gray"
          >
            <div
              class="fw6 lh-copy"
            >
              <div
                class="flex-ns flex-wrap"
              >
                <div
                  class="w-30"
                >
                  Jan 6, 1992
                </div>
                <div
                  class="w-70"
                >
                  #
                  <a
                    class="link bb hover-blue"
                    href="#99990895-D"
                  >
                    99990895-D
                  </a>
                </div>
              </div>
            </div>
            <ul
              class="list"
            >
              <li
                class="f6 pv1 flex-ns flex-wrap"
              >
                <div
                  class="w-30 pr4"
                >
                  <span
                    class="fw6 red bg-washed-red pv1 ph2 dib br3 relative outline-2-white z-1"
                  >
                    Ineligible
                  </span>
                </div>
                <div
                  class="w-70"
                >
                  <span
                    class="lh-copy"
                  >
                    Passenger Fail to Use Seatbelt
                  </span>
                   
                  <span
                    class="lh-copy"
                  >
                    (CONVICTED)
                  </span>
                   
                </div>
              </li>
            </ul>
          </div>
          <div
            class="mb3 pb1 bb b--light-gray"
          >
            <div
              class="fw6 lh-copy"
            >
              <div
                class="flex-ns flex-wrap"
              >
                <div
                  class="w-30"
                >
                  Jan 26, 1991
                </div>
                <div
                  class="w-70"
                >
                  #
                  <a
                    class="link bb hover-blue"
                    href="#999620-X"
                  >
                    999620-X
                  </a>
                </div>
              </div>
            </div>
            <ul
              class="list"
            >
              <li
                class="f6 pv1 flex-ns flex-wrap"
              >
                <div
                  class="w-30 pr4"
                >
                  <span
                    class="fw6 green bg-washed-green pv1 ph2 dib br3 relative outline-2-white z-1"
                  >
                    Eligible Now
                  </span>
                </div>
                <div
                  class="w-70"
                >
                  <span
                    class="lh-copy"
                  >
                    Discarding Hot Dogs w/in 100 Yards of State Waters
                  </span>
                   
                  <span
                    class="lh-copy"
                  >
                    (CONVICTED)
                  </span>
                   
                </div>
              </li>
            </ul>
          </div>
          <div
            class="mb3 pb1 bb b--light-gray"
          >
            <div
              class="fw6 lh-copy"
            >
              <div
                class="flex-ns flex-wrap"
              >
                <div
                  class="w-30"
                >
                  Jan 30, 1989
                </div>
                <div
                  class="w-70"
                >
                  #
                  <a
                    class="link bb hover-blue"
                    href="#XX99972-D"
                  >
                    XX99972-D
                  </a>
                </div>
              </div>
            </div>
            <ul
              class="list"
            >
              <li
                class="f6 pv1 flex-ns flex-wrap"
              >
                <div
                  class="w-30 pr4"
                >
                  <span
                    class="fw6 red bg-washed-red pv1 ph2 dib br3 relative outline-2-white z-1"
                  >
                    Ineligible
                  </span>
                </div>
                <div
                  class="w-70"
                >
                  <span
                    class="lh-copy"
                  >
                    ABC/Misdemeanor
                  </span>
                   
                  <span
                    class="lh-copy"
                  >
                    (CONVICTED)
                  </span>
                   
                </div>
              </li>
            </ul>
          </div>
          <div
            class="mb3 pb1 bb b--light-gray"
          >
            <div
              class="fw6 lh-copy"
            >
              <div
                class="flex-ns flex-wrap"
              >
                <div
                  class="w-30"
                >
                  Jan 22, 1988
                </div>
                <div
                  class="w-70"
                >
                  #
                  <a
                    class="link bb hover-blue"
                    href="#XX99057-X"
                  >
                    XX99057-X
                  </a>
                </div>
              </div>
            </div>
            <ul
              class="list"
            >
              <li
                class="f6 pv1 flex-ns flex-wrap"
              >
                <div
                  class="w-30 pr4"
                >
                  <span
                    class="fw6 red bg-washed-red pv1 ph2 dib br3 relative outline-2-white z-1"
                  >
                    Ineligible
                  </span>
                </div>
                <div
                  class="w-70"
                >
                  <span
                    class="lh-copy"
                  >
                    SUII
                  </span>
                   
                  <span
                    class="lh-copy"
                  >
                    (CONVICTED)
                  </span>
                   
                </div>
              </li>
            </ul>
          </div>
        </div>
      </div>
      <div
        class="w-100 w-33-l ph3-l mb3"
      >
        <div
          class="mb4"
        >
          <h3
            class="fw7 bt b--light-gray pt2 mb3"
          >
            Balance due by county 
            <a
              class=" gray link hover-blue underline"
              href="/manual#paybalances"
            >
              <i
                aria-hidden="true"
                class="fas fa-question-circle link hover-dark-blue"
              />
              <span
                class="visually-hidden"
              >
                Learn more about balances
              </span>
            </a>
          </h3>
          <ul
            class="mw5 list"
          >
            <div>
              <h4
                class="fw6 mb2"
              >
                Washington
              </h4>
              <ul
                class="mw5 list mb3"
              >
                <li
                  class="mb2"
                >
                  <a
                    class="link hover-blue"
                    href="/#99AV3457"
                  >
                    99AV3457
                  </a>
                   
                  <span
                    class="fr"
                  >
                    $900.10
                  </span>
                </li>
                <li
                  class="mb2"
                >
                  <a
                    class="link hover-blue"
                    href="/#99DF09900"
                  >
                    99DF09900
                  </a>
                   
                  <span
                    class="fr"
                  >
                    $900.10
                  </span>
                </li>
                <li
                  class="mb2"
                >
                  <a
                    class="link hover-blue"
                    href="/#996271"
                  >
                    996271
                  </a>
                   
                  <span
                    class="fr"
                  >
                    $99.00
                  </span>
                </li>
                <li
                  class="mb2"
                >
                  <a
                    class="link hover-blue"
                    href="/#999388"
                  >
                    999388
                  </a>
                   
                  <span
                    class="fr"
                  >
                    $10,000.99
                  </span>
                </li>
              </ul>
            </div>
            <div
              class="mw5 bt b--light-gray pt2"
            >
              <span
                class="fw6"
              >
                Total
              </span>
              <span
                class="fr"
              >
                $11,285.64
              </span>
            </div>
          </ul>
        </div>
      </div>
    </div>
  </div>
</DocumentFragment>
`;
