// Jest Snapshot v1, https://goo.gl/fbAQLP

exports[`correctly renders with the complex fake record and CasesList view selected 1`] = `
<DocumentFragment>
  <div
    class="bg-white shadow br3 mb3 ph3 pb3"
  >
    <div
      class="flex flex-wrap justify-end mb1"
    >
      <div
        class="flex flex-wrap items-center mv1 mr-auto"
      >
        <h2
          class="f5 fw7 mr3"
        >
          Search Summary
        </h2>
        <fieldset
          aria-label="Summary overview sort options"
          class="flex flex-wrap radio radio-sm ml1"
          dir="ltr"
          role="radiogroup"
        >
          <p>
            <input
              aria-checked="false"
              checked=""
              id="summary-overview-sort-options-charges"
              name="summary overview sort options"
              type="radio"
              value="Charges"
            />
            <label
              for="summary-overview-sort-options-charges"
            >
              Charges
            </label>
          </p>
          <p>
            <input
              aria-checked="true"
              id="summary-overview-sort-options-cases"
              name="summary overview sort options"
              type="radio"
              value="Cases"
            />
            <label
              for="summary-overview-sort-options-cases"
            >
              Cases
            </label>
          </p>
        </fieldset>
      </div>
      <button
        class="ma2 nowrap mid-gray link hover-blue fw6 br3 pv1 ph2"
      >
        <i
          aria-hidden="true"
          class="fas fa-bolt pr2"
        />
        Generate Paperwork
      </button>
      <button
        class="ma2 nowrap mid-gray link hover-blue fw6 br3 pv1 ph2"
      >
        <i
          aria-hidden="true"
          class="fas fa-download pr2"
        />
        Summary PDF
      </button>
    </div>
    <div
      class="flex-ns flex-wrap"
    >
      <div
        class="w-100 w-two-thirds-l"
      >
        <h3
          class="bt b--light-gray pt2 mb3"
        >
          <span
            class="fw7"
          >
            Cases
          </span>
           (18)
        </h3>
        <div
          class="f6"
        >
          <div
            class="mb2 pb1 bb b--moon-gray"
          >
            <div
              class="fw7 flex flex-wrap pb2"
            >
              <div
                class="w-25-ns w-50"
              >
                Jan 11, 2019
              </div>
              <div
                class="w-20-ns w-50"
              >
                <a
                  class="link hover-blue "
                  href="/#99AV3457"
                >
                  <span
                    class="bb b--moon-gray"
                  >
                    #99AV3457
                  </span>
                </a>
              </div>
              <div
                class="w-20-ns w-50 pl1 pl2"
              >
                Washington
              </div>
              <div
                class="w-30-ns w-50"
              >
                $100.00
              </div>
            </div>
            <ul
              class="list"
            >
              <li
                class="flex-ns flex-wrap bb b--light-gray"
              >
                <div
                  class="w-25-ns"
                >
                  <div
                    class="w-80 tc mv1 pr1 br3 red"
                  >
                    <div
                      class="flex flex-wrap"
                    >
                      <span
                        class="fa fa-circle-xmark w-10 "
                      />
                      <span
                        class="fw6 w-90 pl1"
                      >
                        Ineligible
                      </span>
                    </div>
                  </div>
                </div>
                <div
                  class="w-20-ns pt1"
                >
                  CONVICTED
                </div>
                <div
                  class="w-50-ns pt1 pl2"
                >
                  Singing Under the Influence of Intoxicants
                </div>
              </li>
              <li
                class="flex-ns flex-wrap bb b--light-gray"
              >
                <div
                  class="w-25-ns"
                >
                  <div
                    class="w-80 tc mv1 pr1 br3 dark-blue"
                  >
                    <div
                      class="flex flex-wrap"
                    >
                      <span
                        class="fa fa-dollar-sign w-10 "
                      />
                      <span
                        class="fw6 w-90 pl1"
                      >
                        Eligible
                      </span>
                    </div>
                  </div>
                </div>
                <div
                  class="w-20-ns pt1"
                >
                  DISMISSED
                </div>
                <div
                  class="w-50-ns pt1 pl2"
                >
                  Reckless Diving
                </div>
              </li>
              <li
                class="flex-ns flex-wrap"
              >
                <div
                  class="w-25-ns"
                >
                  <div
                    class="w-80 tc mv1 pr1 br3 dark-blue"
                  >
                    <div
                      class="flex flex-wrap"
                    >
                      <span
                        class="fa fa-dollar-sign w-10 "
                      />
                      <span
                        class="fw6 w-90 pl1"
                      >
                        Eligible
                      </span>
                    </div>
                  </div>
                </div>
                <div
                  class="w-20-ns pt1"
                >
                  DISMISSED
                </div>
                <div
                  class="w-50-ns pt1 pl2"
                >
                  Failure to Perform Duties of Golfer-Property Damage
                </div>
              </li>
            </ul>
          </div>
          <div
            class="mb2 pb1 bb b--moon-gray"
          >
            <div
              class="fw7 flex flex-wrap pb2"
            >
              <div
                class="w-25-ns w-50"
              >
                Jan 1, 2018
              </div>
              <div
                class="w-20-ns w-50"
              >
                <a
                  class="link hover-blue "
                  href="/#99DF09900"
                >
                  <span
                    class="bb b--moon-gray"
                  >
                    #99DF09900
                  </span>
                </a>
              </div>
              <div
                class="w-20-ns w-50 pl1 pl2"
              >
                Washington
              </div>
              <div
                class="w-30-ns w-50"
              >
                $100.00
              </div>
            </div>
            <ul
              class="list"
            >
              <li
                class="flex-ns flex-wrap bb b--light-gray"
              >
                <div
                  class="w-25-ns"
                >
                  <div
                    class="w-80 tc mv1 pr1 br3 red"
                  >
                    <div
                      class="flex flex-wrap"
                    >
                      <span
                        class="fa fa-circle-xmark w-10 "
                      />
                      <span
                        class="fw6 w-90 pl1"
                      >
                        Ineligible
                      </span>
                    </div>
                  </div>
                </div>
                <div
                  class="w-20-ns pt1"
                >
                  CONVICTED
                </div>
                <div
                  class="w-50-ns pt1 pl2"
                >
                  Singing Under the Influence of Intoxicants
                </div>
              </li>
              <li
                class="flex-ns flex-wrap"
              >
                <div
                  class="w-25-ns"
                >
                  <div
                    class="w-80 tc mv1 pr1 br3 dark-blue"
                  >
                    <div
                      class="flex flex-wrap"
                    >
                      <span
                        class="fa fa-dollar-sign w-10 "
                      />
                      <span
                        class="fw6 w-90 pl1"
                      >
                        Eligible
                      </span>
                    </div>
                  </div>
                </div>
                <div
                  class="w-20-ns pt1"
                >
                  DISMISSED
                </div>
                <div
                  class="w-50-ns pt1 pl2"
                >
                  Resisting An Orange
                </div>
              </li>
            </ul>
          </div>
          <div
            class="mb2 pb1 bb b--moon-gray"
          >
            <div
              class="fw7 flex flex-wrap pb2"
            >
              <div
                class="w-25-ns w-50"
              >
                Jan 26, 2013
              </div>
              <div
                class="w-20-ns w-50"
              >
                <a
                  class="link hover-blue "
                  href="/#996271"
                >
                  <span
                    class="bb b--moon-gray"
                  >
                    #996271
                  </span>
                </a>
              </div>
              <div
                class="w-20-ns w-50 pl1 pl2"
              >
                Washington
              </div>
              <div
                class="w-30-ns w-50"
              >
                $200.00
              </div>
            </div>
            <ul
              class="list"
            >
              <li
                class="flex-ns flex-wrap bb b--light-gray"
              >
                <div
                  class="w-25-ns"
                >
                  <div
                    class="w-80 tc mv1 pr1 br3 purple"
                  >
                    <div
                      class="flex flex-wrap"
                    >
                      <span
                        class="fa fa-question-circle w-10 "
                      />
                      <span
                        class="fw6 w-90 pl1"
                      >
                        Needs Analysis
                      </span>
                    </div>
                  </div>
                </div>
                <div
                  class="w-20-ns pt1"
                >
                  CONVICTED
                </div>
                <div
                  class="w-50-ns pt1 pl2"
                >
                  Attempt to Commit a Class C/Unclassified Felony
                </div>
              </li>
              <li
                class="flex-ns flex-wrap"
              >
                <div
                  class="w-25-ns"
                >
                  <div
                    class="w-80 tc mv1 pr1 br3 purple"
                  >
                    <div
                      class="flex flex-wrap"
                    >
                      <span
                        class="fa fa-question-circle w-10 "
                      />
                      <span
                        class="fw6 w-90 pl1"
                      >
                        Needs Analysis
                      </span>
                    </div>
                  </div>
                </div>
                <div
                  class="w-20-ns pt1"
                >
                  CONVICTED
                </div>
                <div
                  class="w-50-ns pt1 pl2"
                >
                  Attempt to Commit a Class C/Unclassified Felony
                </div>
              </li>
            </ul>
          </div>
          <div
            class="mb2 pb1 bb b--moon-gray"
          >
            <div
              class="fw7 flex flex-wrap pb2"
            >
              <div
                class="w-25-ns w-50"
              >
                Jan 11, 2011
              </div>
              <div
                class="w-20-ns w-50"
              >
                <a
                  class="link hover-blue "
                  href="/#999388"
                >
                  <span
                    class="bb b--moon-gray"
                  >
                    #999388
                  </span>
                </a>
              </div>
              <div
                class="w-20-ns w-50 pl1 pl2"
              >
                Washington
              </div>
              <div
                class="w-30-ns w-50"
              >
                $1,400.60
              </div>
            </div>
            <ul
              class="list"
            >
              <li
                class="flex-ns flex-wrap"
              >
                <div
                  class="w-25-ns"
                >
                  <div
                    class="w-80 tc mv1 pr1 br3 dark-blue"
                  >
                    <div
                      class="flex flex-wrap"
                    >
                      <span
                        class="fa fa-clock w-10 "
                      />
                      <span
                        class="fw6 w-90 pl1"
                      >
                        Eligible 1/30/20
                      </span>
                    </div>
                  </div>
                </div>
                <div
                  class="w-20-ns pt1"
                >
                  CONVICTED
                </div>
                <div
                  class="w-50-ns pt1 pl2"
                >
                  Improper Use of an Emergency Kazoo System
                </div>
              </li>
            </ul>
          </div>
          <div
            class="mb2 pb1 bb b--moon-gray"
          >
            <div
              class="fw7 flex flex-wrap pb2"
            >
              <div
                class="w-25-ns w-50"
              >
                Jan 1, 2001
              </div>
              <div
                class="w-20-ns w-50"
              >
                <a
                  class="link hover-blue "
                  href="/#9910A9"
                >
                  <span
                    class="bb b--moon-gray"
                  >
                    #9910A9
                  </span>
                </a>
              </div>
              <div
                class="w-20-ns w-50 pl1 pl2"
              >
                Washington
              </div>
              <div
                class="w-30-ns w-50"
              />
            </div>
            <ul
              class="list"
            >
              <li
                class="flex-ns flex-wrap bb b--light-gray"
              >
                <div
                  class="w-25-ns"
                >
                  <div
                    class="w-80 tc mv1 pr1 br3 green"
                  >
                    <div
                      class="flex flex-wrap"
                    >
                      <span
                        class="fa fa-check w-10 "
                      />
                      <span
                        class="fw6 w-90 pl1"
                      >
                        Eligible Now
                      </span>
                    </div>
                  </div>
                </div>
                <div
                  class="w-20-ns pt1"
                >
                  FINDING - NOT GUILTY
                </div>
                <div
                  class="w-50-ns pt1 pl2"
                >
                  Attempt to Commit a Class B Felony
                </div>
              </li>
              <li
                class="flex-ns flex-wrap bb b--light-gray"
              >
                <div
                  class="w-25-ns"
                >
                  <div
                    class="w-80 tc mv1 pr1 br3 green"
                  >
                    <div
                      class="flex flex-wrap"
                    >
                      <span
                        class="fa fa-check w-10 "
                      />
                      <span
                        class="fw6 w-90 pl1"
                      >
                        Eligible Now
                      </span>
                    </div>
                  </div>
                </div>
                <div
                  class="w-20-ns pt1"
                >
                  FINDING - NOT GUILTY
                </div>
                <div
                  class="w-50-ns pt1 pl2"
                >
                  Attempt to Commit a Class B Felony
                </div>
              </li>
              <li
                class="flex-ns flex-wrap bb b--light-gray"
              >
                <div
                  class="w-25-ns"
                >
                  <div
                    class="w-80 tc mv1 pr1 br3 dark-blue"
                  >
                    <div
                      class="flex flex-wrap"
                    >
                      <span
                        class="fa fa-clock w-10 "
                      />
                      <span
                        class="fw6 w-90 pl1"
                      >
                        Eligible 1/11/20
                      </span>
                    </div>
                  </div>
                </div>
                <div
                  class="w-20-ns pt1"
                >
                  CONVICTED
                </div>
                <div
                  class="w-50-ns pt1 pl2"
                >
                  Derping in the Fourth Degree
                </div>
              </li>
              <li
                class="flex-ns flex-wrap bb b--light-gray"
              >
                <div
                  class="w-25-ns"
                >
                  <div
                    class="w-80 tc mv1 pr1 br3 dark-blue"
                  >
                    <div
                      class="flex flex-wrap"
                    >
                      <span
                        class="fa fa-clock w-10 "
                      />
                      <span
                        class="fw6 w-90 pl1"
                      >
                        Eligible 1/30/20
                      </span>
                    </div>
                  </div>
                </div>
                <div
                  class="w-20-ns pt1"
                >
                  CONVICTED
                </div>
                <div
                  class="w-50-ns pt1 pl2"
                >
                  Frowning
                </div>
              </li>
              <li
                class="flex-ns flex-wrap bb b--light-gray"
              >
                <div
                  class="w-25-ns"
                >
                  <div
                    class="w-80 tc mv1 pr1 br3 dark-blue"
                  >
                    <div
                      class="flex flex-wrap"
                    >
                      <span
                        class="fa fa-clock w-10 "
                      />
                      <span
                        class="fw6 w-90 pl1"
                      >
                        Eligible 1/30/20
                      </span>
                    </div>
                  </div>
                </div>
                <div
                  class="w-20-ns pt1"
                >
                  CONVICTED
                </div>
                <div
                  class="w-50-ns pt1 pl2"
                >
                  Resisting An Orange
                </div>
              </li>
              <li
                class="flex-ns flex-wrap"
              >
                <div
                  class="w-25-ns"
                >
                  <div
                    class="w-80 tc mv1 pr1 br3 green"
                  >
                    <div
                      class="flex flex-wrap"
                    >
                      <span
                        class="fa fa-check w-10 "
                      />
                      <span
                        class="fw6 w-90 pl1"
                      >
                        Eligible Now
                      </span>
                    </div>
                  </div>
                </div>
                <div
                  class="w-20-ns pt1"
                >
                  REMOVED FROM CHARGING INSTRUMENT
                </div>
                <div
                  class="w-50-ns pt1 pl2"
                >
                  Resisting An Orange
                </div>
              </li>
            </ul>
          </div>
          <div
            class="mb2 pb1 bb b--moon-gray"
          >
            <div
              class="fw7 flex flex-wrap pb2"
            >
              <div
                class="w-25-ns w-50"
              >
                Jan 11, 2000
              </div>
              <div
                class="w-20-ns w-50"
              >
                <a
                  class="link hover-blue "
                  href="/#9960799"
                >
                  <span
                    class="bb b--moon-gray"
                  >
                    #9960799
                  </span>
                </a>
              </div>
              <div
                class="w-20-ns w-50 pl1 pl2"
              >
                Deschutes
              </div>
              <div
                class="w-30-ns w-50"
              />
            </div>
            <ul
              class="list"
            >
              <li
                class="flex-ns flex-wrap bb b--light-gray"
              >
                <div
                  class="w-25-ns"
                >
                  <div
                    class="w-80 tc mv1 pr1 br3 green"
                  >
                    <div
                      class="flex flex-wrap"
                    >
                      <span
                        class="fa fa-check w-10 "
                      />
                      <span
                        class="fw6 w-90 pl1"
                      >
                        Eligible Now
                      </span>
                    </div>
                  </div>
                </div>
                <div
                  class="w-20-ns pt1"
                >
                  DISMISSED
                </div>
                <div
                  class="w-50-ns pt1 pl2"
                >
                  Frowning
                </div>
              </li>
              <li
                class="flex-ns flex-wrap"
              >
                <div
                  class="w-25-ns"
                >
                  <div
                    class="w-80 tc mv1 pr1 br3 green"
                  >
                    <div
                      class="flex flex-wrap"
                    >
                      <span
                        class="fa fa-check w-10 "
                      />
                      <span
                        class="fw6 w-90 pl1"
                      >
                        Eligible Now
                      </span>
                    </div>
                  </div>
                </div>
                <div
                  class="w-20-ns pt1"
                >
                  DISMISSED
                </div>
                <div
                  class="w-50-ns pt1 pl2"
                >
                  Skipping Rope
                </div>
              </li>
            </ul>
          </div>
          <div
            class="mb2 pb1 bb b--moon-gray"
          >
            <div
              class="fw7 flex flex-wrap pb2"
            >
              <div
                class="w-25-ns w-50"
              >
                Jan 1, 1998
              </div>
              <div
                class="w-20-ns w-50"
              >
                <a
                  class="link hover-blue "
                  href="/#9950699A"
                >
                  <span
                    class="bb b--moon-gray"
                  >
                    #9950699A
                  </span>
                </a>
              </div>
              <div
                class="w-20-ns w-50 pl1 pl2"
              >
                Washington
              </div>
              <div
                class="w-30-ns w-50"
              />
            </div>
            <ul
              class="list"
            >
              <li
                class="flex-ns flex-wrap bb b--light-gray"
              >
                <div
                  class="w-25-ns"
                >
                  <div
                    class="w-80 tc mv1 pr1 br3 green"
                  >
                    <div
                      class="flex flex-wrap"
                    >
                      <span
                        class="fa fa-check w-10 "
                      />
                      <span
                        class="fw6 w-90 pl1"
                      >
                        Eligible Now
                      </span>
                    </div>
                  </div>
                </div>
                <div
                  class="w-20-ns pt1"
                >
                  CONVICTED
                </div>
                <div
                  class="w-50-ns pt1 pl2"
                >
                  Contempt of Court - Punitive
                </div>
              </li>
              <li
                class="flex-ns flex-wrap"
              >
                <div
                  class="w-25-ns"
                >
                  <div
                    class="w-80 tc mv1 pr1 br3 green"
                  >
                    <div
                      class="flex flex-wrap"
                    >
                      <span
                        class="fa fa-check w-10 "
                      />
                      <span
                        class="fw6 w-90 pl1"
                      >
                        Eligible Now
                      </span>
                    </div>
                  </div>
                </div>
                <div
                  class="w-20-ns pt1"
                >
                  DISMISSED
                </div>
                <div
                  class="w-50-ns pt1 pl2"
                >
                  Contempt of Court - Punitive
                </div>
              </li>
            </ul>
          </div>
          <div
            class="mb2 pb1 bb b--moon-gray"
          >
            <div
              class="fw7 flex flex-wrap pb2"
            >
              <div
                class="w-25-ns w-50"
              >
                Jan 26, 1998
              </div>
              <div
                class="w-20-ns w-50"
              >
                <a
                  class="link hover-blue "
                  href="/#99506871AA"
                >
                  <span
                    class="bb b--moon-gray"
                  >
                    #99506871AA
                  </span>
                </a>
              </div>
              <div
                class="w-20-ns w-50 pl1 pl2"
              >
                Washington
              </div>
              <div
                class="w-30-ns w-50"
              />
            </div>
            <ul
              class="list"
            >
              <li
                class="flex-ns flex-wrap"
              >
                <div
                  class="w-25-ns"
                >
                  <div
                    class="w-80 tc mv1 pr1 br3 green"
                  >
                    <div
                      class="flex flex-wrap"
                    >
                      <span
                        class="fa fa-check w-10 "
                      />
                      <span
                        class="fw6 w-90 pl1"
                      >
                        Eligible Now
                      </span>
                    </div>
                  </div>
                </div>
                <div
                  class="w-20-ns pt1"
                >
                  DISMISSED
                </div>
                <div
                  class="w-50-ns pt1 pl2"
                >
                  Contempt of Court
                </div>
              </li>
            </ul>
          </div>
          <div
            class="mb2 pb1 bb b--moon-gray"
          >
            <div
              class="fw7 flex flex-wrap pb2"
            >
              <div
                class="w-25-ns w-50"
              >
                Jan 11, 1998
              </div>
              <div
                class="w-20-ns w-50"
              >
                <a
                  class="link hover-blue "
                  href="/#999345"
                >
                  <span
                    class="bb b--moon-gray"
                  >
                    #999345
                  </span>
                </a>
              </div>
              <div
                class="w-20-ns w-50 pl1 pl2"
              >
                Washington
              </div>
              <div
                class="w-30-ns w-50"
              />
            </div>
            <ul
              class="list"
            >
              <li
                class="flex-ns flex-wrap bb b--light-gray"
              >
                <div
                  class="w-25-ns"
                >
                  <div
                    class="w-80 tc mv1 pr1 br3 dark-blue"
                  >
                    <div
                      class="flex flex-wrap"
                    >
                      <span
                        class="fa fa-clock w-10 "
                      />
                      <span
                        class="fw6 w-90 pl1"
                      >
                        Eligible 1/30/20
                      </span>
                    </div>
                  </div>
                </div>
                <div
                  class="w-20-ns pt1"
                >
                  CONVICTED
                </div>
                <div
                  class="w-50-ns pt1 pl2"
                >
                  Derping in the Fourth Degree
                </div>
              </li>
              <li
                class="flex-ns flex-wrap"
              >
                <div
                  class="w-25-ns"
                >
                  <div
                    class="w-80 tc mv1 pr1 br3 green"
                  >
                    <div
                      class="flex flex-wrap"
                    >
                      <span
                        class="fa fa-check w-10 "
                      />
                      <span
                        class="fw6 w-90 pl1"
                      >
                        Eligible Now
                      </span>
                    </div>
                  </div>
                </div>
                <div
                  class="w-20-ns pt1"
                >
                  DISMISSED
                </div>
                <div
                  class="w-50-ns pt1 pl2"
                >
                  Frowning
                </div>
              </li>
            </ul>
          </div>
          <div
            class="mb2 pb1 bb b--moon-gray"
          >
            <div
              class="fw7 flex flex-wrap pb2"
            >
              <div
                class="w-25-ns w-50"
              >
                Jan 29, 1996
              </div>
              <div
                class="w-20-ns w-50"
              >
                <a
                  class="link hover-blue "
                  href="/#9999323"
                >
                  <span
                    class="bb b--moon-gray"
                  >
                    #9999323
                  </span>
                </a>
              </div>
              <div
                class="w-20-ns w-50 pl1 pl2"
              >
                Washington
              </div>
              <div
                class="w-30-ns w-50"
              />
            </div>
            <ul
              class="list"
            >
              <li
                class="flex-ns flex-wrap bb b--light-gray"
              >
                <div
                  class="w-25-ns"
                >
                  <div
                    class="w-80 tc mv1 pr1 br3 green"
                  >
                    <div
                      class="flex flex-wrap"
                    >
                      <span
                        class="fa fa-check w-10 "
                      />
                      <span
                        class="fw6 w-90 pl1"
                      >
                        Eligible Now
                      </span>
                    </div>
                  </div>
                </div>
                <div
                  class="w-20-ns pt1"
                >
                  DISMISSED
                </div>
                <div
                  class="w-50-ns pt1 pl2"
                >
                  Illegal stuff in the First Degree
                </div>
              </li>
              <li
                class="flex-ns flex-wrap bb b--light-gray"
              >
                <div
                  class="w-25-ns"
                >
                  <div
                    class="w-80 tc mv1 pr1 br3 green"
                  >
                    <div
                      class="flex flex-wrap"
                    >
                      <span
                        class="fa fa-check w-10 "
                      />
                      <span
                        class="fw6 w-90 pl1"
                      >
                        Eligible Now
                      </span>
                    </div>
                  </div>
                </div>
                <div
                  class="w-20-ns pt1"
                >
                  DISMISSED
                </div>
                <div
                  class="w-50-ns pt1 pl2"
                >
                  Something else illegal in the First Degree
                </div>
              </li>
              <li
                class="flex-ns flex-wrap bb b--light-gray"
              >
                <div
                  class="w-25-ns"
                >
                  <div
                    class="w-80 tc mv1 pr1 br3 green"
                  >
                    <div
                      class="flex flex-wrap"
                    >
                      <span
                        class="fa fa-check w-10 "
                      />
                      <span
                        class="fw6 w-90 pl1"
                      >
                        Eligible Now
                      </span>
                    </div>
                  </div>
                </div>
                <div
                  class="w-20-ns pt1"
                >
                  DISMISSED
                </div>
                <div
                  class="w-50-ns pt1 pl2"
                >
                  Something else illegal in the First Degree
                </div>
              </li>
              <li
                class="flex-ns flex-wrap bb b--light-gray"
              >
                <div
                  class="w-25-ns"
                >
                  <div
                    class="w-80 tc mv1 pr1 br3 green"
                  >
                    <div
                      class="flex flex-wrap"
                    >
                      <span
                        class="fa fa-check w-10 "
                      />
                      <span
                        class="fw6 w-90 pl1"
                      >
                        Eligible Now
                      </span>
                    </div>
                  </div>
                </div>
                <div
                  class="w-20-ns pt1"
                >
                  DISMISSED
                </div>
                <div
                  class="w-50-ns pt1 pl2"
                >
                  Something illegal
                </div>
              </li>
              <li
                class="flex-ns flex-wrap bb b--light-gray"
              >
                <div
                  class="w-25-ns"
                >
                  <div
                    class="w-80 tc mv1 pr1 br3 green"
                  >
                    <div
                      class="flex flex-wrap"
                    >
                      <span
                        class="fa fa-check w-10 "
                      />
                      <span
                        class="fw6 w-90 pl1"
                      >
                        Eligible Now
                      </span>
                    </div>
                  </div>
                </div>
                <div
                  class="w-20-ns pt1"
                >
                  CONVICTED - LESSER CHARGE
                </div>
                <div
                  class="w-50-ns pt1 pl2"
                >
                  Something illegal in the Second Degree
                </div>
              </li>
              <li
                class="flex-ns flex-wrap bb b--light-gray"
              >
                <div
                  class="w-25-ns"
                >
                  <div
                    class="w-80 tc mv1 pr1 br3 green"
                  >
                    <div
                      class="flex flex-wrap"
                    >
                      <span
                        class="fa fa-check w-10 "
                      />
                      <span
                        class="fw6 w-90 pl1"
                      >
                        Eligible Now
                      </span>
                    </div>
                  </div>
                </div>
                <div
                  class="w-20-ns pt1"
                >
                  DISMISSED
                </div>
                <div
                  class="w-50-ns pt1 pl2"
                >
                  Something illegal in the Second Degree
                </div>
              </li>
              <li
                class="flex-ns flex-wrap bb b--light-gray"
              >
                <div
                  class="w-25-ns"
                >
                  <div
                    class="w-80 tc mv1 pr1 br3 green"
                  >
                    <div
                      class="flex flex-wrap"
                    >
                      <span
                        class="fa fa-check w-10 "
                      />
                      <span
                        class="fw6 w-90 pl1"
                      >
                        Eligible Now
                      </span>
                    </div>
                  </div>
                </div>
                <div
                  class="w-20-ns pt1"
                >
                  DISMISSED
                </div>
                <div
                  class="w-50-ns pt1 pl2"
                >
                  Something illegal in the Second Degree
                </div>
              </li>
              <li
                class="flex-ns flex-wrap bb b--light-gray"
              >
                <div
                  class="w-25-ns"
                >
                  <div
                    class="w-80 tc mv1 pr1 br3 green"
                  >
                    <div
                      class="flex flex-wrap"
                    >
                      <span
                        class="fa fa-check w-10 "
                      />
                      <span
                        class="fw6 w-90 pl1"
                      >
                        Eligible Now
                      </span>
                    </div>
                  </div>
                </div>
                <div
                  class="w-20-ns pt1"
                >
                  DISMISSED
                </div>
                <div
                  class="w-50-ns pt1 pl2"
                >
                  Something illegal in the Second Degree
                </div>
              </li>
              <li
                class="flex-ns flex-wrap"
              >
                <div
                  class="w-25-ns"
                >
                  <div
                    class="w-80 tc mv1 pr1 br3 purple"
                  >
                    <div
                      class="flex flex-wrap"
                    >
                      <span
                        class="fa fa-question-circle w-10 "
                      />
                      <span
                        class="fw6 w-90 pl1"
                      >
                        Needs Analysis
                      </span>
                    </div>
                  </div>
                </div>
                <div
                  class="w-20-ns pt1"
                >
                  CONVICTED
                </div>
                <div
                  class="w-50-ns pt1 pl2"
                >
                  Attempt to Commit a Class C/Unclassified Felony
                </div>
              </li>
            </ul>
          </div>
          <div
            class="mb2 pb1 bb b--moon-gray"
          >
            <div
              class="fw7 flex flex-wrap pb2"
            >
              <div
                class="w-25-ns w-50"
              >
                Jan 26, 1996
              </div>
              <div
                class="w-20-ns w-50"
              >
                <a
                  class="link hover-blue "
                  href="/#9999323D-D"
                >
                  <span
                    class="bb b--moon-gray"
                  >
                    #9999323D-D
                  </span>
                </a>
              </div>
              <div
                class="w-20-ns w-50 pl1 pl2"
              >
                Washington
              </div>
              <div
                class="w-30-ns w-50"
              />
            </div>
            <ul
              class="list"
            >
              <li
                class="flex-ns flex-wrap bb b--light-gray"
              >
                <div
                  class="w-25-ns"
                >
                  <div
                    class="w-80 tc mv1 pr1 br3 green"
                  >
                    <div
                      class="flex flex-wrap"
                    >
                      <span
                        class="fa fa-check w-10 "
                      />
                      <span
                        class="fw6 w-90 pl1"
                      >
                        Eligible Now
                      </span>
                    </div>
                  </div>
                </div>
                <div
                  class="w-20-ns pt1"
                >
                  DISMISSED
                </div>
                <div
                  class="w-50-ns pt1 pl2"
                >
                  Illegal stuff in the First Degree
                </div>
              </li>
              <li
                class="flex-ns flex-wrap bb b--light-gray"
              >
                <div
                  class="w-25-ns"
                >
                  <div
                    class="w-80 tc mv1 pr1 br3 green"
                  >
                    <div
                      class="flex flex-wrap"
                    >
                      <span
                        class="fa fa-check w-10 "
                      />
                      <span
                        class="fw6 w-90 pl1"
                      >
                        Eligible Now
                      </span>
                    </div>
                  </div>
                </div>
                <div
                  class="w-20-ns pt1"
                >
                  DISMISSED
                </div>
                <div
                  class="w-50-ns pt1 pl2"
                >
                  Something else illegal in the First Degree
                </div>
              </li>
              <li
                class="flex-ns flex-wrap bb b--light-gray"
              >
                <div
                  class="w-25-ns"
                >
                  <div
                    class="w-80 tc mv1 pr1 br3 green"
                  >
                    <div
                      class="flex flex-wrap"
                    >
                      <span
                        class="fa fa-check w-10 "
                      />
                      <span
                        class="fw6 w-90 pl1"
                      >
                        Eligible Now
                      </span>
                    </div>
                  </div>
                </div>
                <div
                  class="w-20-ns pt1"
                >
                  DISMISSED
                </div>
                <div
                  class="w-50-ns pt1 pl2"
                >
                  Something illegal
                </div>
              </li>
              <li
                class="flex-ns flex-wrap"
              >
                <div
                  class="w-25-ns"
                >
                  <div
                    class="w-80 tc mv1 pr1 br3 green"
                  >
                    <div
                      class="flex flex-wrap"
                    >
                      <span
                        class="fa fa-check w-10 "
                      />
                      <span
                        class="fw6 w-90 pl1"
                      >
                        Eligible Now
                      </span>
                    </div>
                  </div>
                </div>
                <div
                  class="w-20-ns pt1"
                >
                  DISMISSED
                </div>
                <div
                  class="w-50-ns pt1 pl2"
                >
                  Something illegal in the Second Degree
                </div>
              </li>
            </ul>
          </div>
          <div
            class="mb2 pb1 bb b--moon-gray"
          >
            <div
              class="fw7 flex flex-wrap pb2"
            >
              <div
                class="w-25-ns w-50"
              >
                Jan 8, 1996
              </div>
              <div
                class="w-20-ns w-50"
              >
                <a
                  class="link hover-blue "
                  href="/#999933"
                >
                  <span
                    class="bb b--moon-gray"
                  >
                    #999933
                  </span>
                </a>
              </div>
              <div
                class="w-20-ns w-50 pl1 pl2"
              >
                Washington
              </div>
              <div
                class="w-30-ns w-50"
              />
            </div>
            <ul
              class="list"
            >
              <li
                class="flex-ns flex-wrap"
              >
                <div
                  class="w-25-ns"
                >
                  <div
                    class="w-80 tc mv1 pr1 br3 red"
                  >
                    <div
                      class="flex flex-wrap"
                    >
                      <span
                        class="fa fa-circle-xmark w-10 "
                      />
                      <span
                        class="fw6 w-90 pl1"
                      >
                        Ineligible
                      </span>
                    </div>
                  </div>
                </div>
                <div
                  class="w-20-ns pt1"
                >
                  CONVICTED - MISD TREATMENT
                </div>
                <div
                  class="w-50-ns pt1 pl2"
                >
                  ABC/Felony
                </div>
              </li>
            </ul>
          </div>
          <div
            class="mb2 pb1 bb b--moon-gray"
          >
            <div
              class="fw7 flex flex-wrap pb2"
            >
              <div
                class="w-25-ns w-50"
              >
                Jan 1, 1996
              </div>
              <div
                class="w-20-ns w-50"
              >
                <a
                  class="link hover-blue "
                  href="/#999933D-D"
                >
                  <span
                    class="bb b--moon-gray"
                  >
                    #999933D-D
                  </span>
                </a>
              </div>
              <div
                class="w-20-ns w-50 pl1 pl2"
              >
                Washington
              </div>
              <div
                class="w-30-ns w-50"
              />
            </div>
            <ul
              class="list"
            >
              <li
                class="flex-ns flex-wrap"
              >
                <div
                  class="w-25-ns"
                >
                  <div
                    class="w-80 tc mv1 pr1 br3 green"
                  >
                    <div
                      class="flex flex-wrap"
                    >
                      <span
                        class="fa fa-check w-10 "
                      />
                      <span
                        class="fw6 w-90 pl1"
                      >
                        Eligible Now
                      </span>
                    </div>
                  </div>
                </div>
                <div
                  class="w-20-ns pt1"
                >
                  DISMISSED
                </div>
                <div
                  class="w-50-ns pt1 pl2"
                >
                  ABC/Felony
                </div>
              </li>
            </ul>
          </div>
          <div
            class="mb2 pb1 bb b--moon-gray"
          >
            <div
              class="fw7 flex flex-wrap pb2"
            >
              <div
                class="w-25-ns w-50"
              >
                Jan 11, 1995
              </div>
              <div
                class="w-20-ns w-50"
              >
                <a
                  class="link hover-blue "
                  href="/#999252-D"
                >
                  <span
                    class="bb b--moon-gray"
                  >
                    #999252-D
                  </span>
                </a>
              </div>
              <div
                class="w-20-ns w-50 pl1 pl2"
              >
                Washington
              </div>
              <div
                class="w-30-ns w-50"
              />
            </div>
            <ul
              class="list"
            >
              <li
                class="flex-ns flex-wrap"
              >
                <div
                  class="w-25-ns"
                >
                  <div
                    class="w-80 tc mv1 pr1 br3 red"
                  >
                    <div
                      class="flex flex-wrap"
                    >
                      <span
                        class="fa fa-circle-xmark w-10 "
                      />
                      <span
                        class="fw6 w-90 pl1"
                      >
                        Ineligible
                      </span>
                    </div>
                  </div>
                </div>
                <div
                  class="w-20-ns pt1"
                >
                  CONVICTED
                </div>
                <div
                  class="w-50-ns pt1 pl2"
                >
                  SUII
                </div>
              </li>
            </ul>
          </div>
          <div
            class="mb2 pb1 bb b--moon-gray"
          >
            <div
              class="fw7 flex flex-wrap pb2"
            >
              <div
                class="w-25-ns w-50"
              >
                Jan 6, 1992
              </div>
              <div
                class="w-20-ns w-50"
              >
                <a
                  class="link hover-blue "
                  href="/#99990895-D"
                >
                  <span
                    class="bb b--moon-gray"
                  >
                    #99990895-D
                  </span>
                </a>
              </div>
              <div
                class="w-20-ns w-50 pl1 pl2"
              >
                Washington
              </div>
              <div
                class="w-30-ns w-50"
              />
            </div>
            <ul
              class="list"
            >
              <li
                class="flex-ns flex-wrap"
              >
                <div
                  class="w-25-ns"
                >
                  <div
                    class="w-80 tc mv1 pr1 br3 red"
                  >
                    <div
                      class="flex flex-wrap"
                    >
                      <span
                        class="fa fa-circle-xmark w-10 "
                      />
                      <span
                        class="fw6 w-90 pl1"
                      >
                        Ineligible
                      </span>
                    </div>
                  </div>
                </div>
                <div
                  class="w-20-ns pt1"
                >
                  CONVICTED
                </div>
                <div
                  class="w-50-ns pt1 pl2"
                >
                  Passenger Fail to Use Seatbelt
                </div>
              </li>
            </ul>
          </div>
          <div
            class="mb2 pb1 bb b--moon-gray"
          >
            <div
              class="fw7 flex flex-wrap pb2"
            >
              <div
                class="w-25-ns w-50"
              >
                Jan 26, 1991
              </div>
              <div
                class="w-20-ns w-50"
              >
                <a
                  class="link hover-blue "
                  href="/#999620-X"
                >
                  <span
                    class="bb b--moon-gray"
                  >
                    #999620-X
                  </span>
                </a>
              </div>
              <div
                class="w-20-ns w-50 pl1 pl2"
              >
                Wheeler
              </div>
              <div
                class="w-30-ns w-50"
              />
            </div>
            <ul
              class="list"
            >
              <li
                class="flex-ns flex-wrap"
              >
                <div
                  class="w-25-ns"
                >
                  <div
                    class="w-80 tc mv1 pr1 br3 green"
                  >
                    <div
                      class="flex flex-wrap"
                    >
                      <span
                        class="fa fa-check w-10 "
                      />
                      <span
                        class="fw6 w-90 pl1"
                      >
                        Eligible Now
                      </span>
                    </div>
                  </div>
                </div>
                <div
                  class="w-20-ns pt1"
                >
                  CONVICTED
                </div>
                <div
                  class="w-50-ns pt1 pl2"
                >
                  Discarding Hot Dogs w/in 100 Yards of State Waters
                </div>
              </li>
            </ul>
          </div>
          <div
            class="mb2 pb1 bb b--moon-gray"
          >
            <div
              class="fw7 flex flex-wrap pb2"
            >
              <div
                class="w-25-ns w-50"
              >
                Jan 30, 1989
              </div>
              <div
                class="w-20-ns w-50"
              >
                <a
                  class="link hover-blue "
                  href="/#XX99972-D"
                >
                  <span
                    class="bb b--moon-gray"
                  >
                    #XX99972-D
                  </span>
                </a>
              </div>
              <div
                class="w-20-ns w-50 pl1 pl2"
              >
                Washington
              </div>
              <div
                class="w-30-ns w-50"
              />
            </div>
            <ul
              class="list"
            >
              <li
                class="flex-ns flex-wrap"
              >
                <div
                  class="w-25-ns"
                >
                  <div
                    class="w-80 tc mv1 pr1 br3 red"
                  >
                    <div
                      class="flex flex-wrap"
                    >
                      <span
                        class="fa fa-circle-xmark w-10 "
                      />
                      <span
                        class="fw6 w-90 pl1"
                      >
                        Ineligible
                      </span>
                    </div>
                  </div>
                </div>
                <div
                  class="w-20-ns pt1"
                >
                  CONVICTED
                </div>
                <div
                  class="w-50-ns pt1 pl2"
                >
                  ABC/Misdemeanor
                </div>
              </li>
            </ul>
          </div>
          <div
            class="mb2 pb1"
          >
            <div
              class="fw7 flex flex-wrap pb2"
            >
              <div
                class="w-25-ns w-50"
              >
                Jan 22, 1988
              </div>
              <div
                class="w-20-ns w-50"
              >
                <a
                  class="link hover-blue "
                  href="/#XX99057-X"
                >
                  <span
                    class="bb b--moon-gray"
                  >
                    #XX99057-X
                  </span>
                </a>
              </div>
              <div
                class="w-20-ns w-50 pl1 pl2"
              >
                Washington
              </div>
              <div
                class="w-30-ns w-50"
              />
            </div>
            <ul
              class="list"
            >
              <li
                class="flex-ns flex-wrap"
              >
                <div
                  class="w-25-ns"
                >
                  <div
                    class="w-80 tc mv1 pr1 br3 red"
                  >
                    <div
                      class="flex flex-wrap"
                    >
                      <span
                        class="fa fa-circle-xmark w-10 "
                      />
                      <span
                        class="fw6 w-90 pl1"
                      >
                        Ineligible
                      </span>
                    </div>
                  </div>
                </div>
                <div
                  class="w-20-ns pt1"
                >
                  CONVICTED
                </div>
                <div
                  class="w-50-ns pt1 pl2"
                >
                  SUII
                </div>
              </li>
            </ul>
          </div>
        </div>
      </div>
      <div
        class="w-100 w-33-l ph3-l mb3"
      >
        <div
          class="mb4"
        >
          <h3
            class="fw7 bt b--light-gray pt2 mb3"
          >
            Balance due by county 
            <a
              class=" gray link hover-blue underline"
              href="/manual#paybalances"
            >
              <i
                aria-hidden="true"
                class="fas fa-question-circle link hover-dark-blue"
              />
              <span
                class="visually-hidden"
              >
                Learn more about balances
              </span>
            </a>
          </h3>
          <ul
            class="mw5 list"
          >
            <div>
              <h4
                class="fw6 mb2"
              >
                Washington
              </h4>
              <ul
                class="mw5 list mb3"
              >
                <li
                  class="mb2"
                >
                  <a
                    class="link hover-blue"
                    href="/#99AV3457"
                  >
                    99AV3457
                  </a>
                   
                  <span
                    class="fr"
                  >
                    $100.10
                  </span>
                </li>
                <li
                  class="mb2"
                >
                  <a
                    class="link hover-blue"
                    href="/#99DF09900"
                  >
                    99DF09900
                  </a>
                   
                  <span
                    class="fr"
                  >
                    $100.20
                  </span>
                </li>
                <li
                  class="mb2"
                >
                  <a
                    class="link hover-blue"
                    href="/#996271"
                  >
                    996271
                  </a>
                   
                  <span
                    class="fr"
                  >
                    $1,200.30
                  </span>
                </li>
                <li
                  class="mb2"
                >
                  <a
                    class="link hover-blue"
                    href="/#999388"
                  >
                    999388
                  </a>
                   
                  <span
                    class="fr"
                  >
                    $2,000.10
                  </span>
                </li>
              </ul>
            </div>
            <div
              class="mw5 bt b--light-gray pt2"
            >
              <span
                class="fw6"
              >
                Total
              </span>
              <span
                class="fr"
              >
                $3,400.60
              </span>
            </div>
          </ul>
        </div>
      </div>
    </div>
  </div>
</DocumentFragment>
`;
